******************************************************************************
                  TI ARM Linker PC v18.12.2                    
******************************************************************************
>> Linked Wed Apr  9 10:33:31 2025

OUTPUT FILE NAME:   <saber.out>
ENTRY POINT SYMBOL: "_c_int00_noargs"  address: 00002621


MEMORY CONFIGURATION

         name            origin    length      used     unused   attr    fill
----------------------  --------  ---------  --------  --------  ----  --------
  FLASH                 00000000   00100000  00002b2c  000fd4d4  R  X
  SRAM                  20000000   00040000  00000419  0003fbe7  RW X


SEGMENT ALLOCATION MAP

run origin  load origin   length   init length attrs members
----------  ----------- ---------- ----------- ----- -------
00000000    00000000    00002b30   00002b30    r-x
  00000000    00000000    00000200   00000200    r-- .intvecs
  00000200    00000200    0000258c   0000258c    r-x .text
  00002790    00002790    00000370   00000370    r-- .const
  00002b00    00002b00    00000030   00000030    r-- .cinit
20000000    20000000    0000041c   00000000    rw-
  20000000    20000000    00000400   00000000    rw- .stack
  20000400    20000400    00000010   00000000    rw- .sysmem
  20000410    20000410    00000005   00000000    rw- .data
  20000418    20000418    00000004   00000000    rw- .bss


SECTION ALLOCATION MAP

 output                                  attributes/
section   page    origin      length       input sections
--------  ----  ----------  ----------   ----------------
.intvecs   0    00000000    00000200     
                  00000000    00000200     startup_ccs.obj (.intvecs)

.text      0    00000200    0000258c     
                  00000200    00001466     fips202.obj (.text:KeccakF1600_StatePermute)
                  00001666    00000002     startup_ccs.obj (.text:FaultISR)
                  00001668    0000020c     pinout.obj (.text:PinoutSet)
                  00001874    00000200     driverlib.lib : sysctl.obj (.text:SysCtlClockFreqSet)
                  00001a74    000001ee     uartstdio.obj (.text:UARTvprintf)
                  00001c62    00000002     startup_ccs.obj (.text:IntDefaultHandler)
                  00001c64    0000016c     driverlib.lib : gpio.obj (.text:GPIOPadConfigSet)
                  00001dd0    00000144     saber.obj (.text:main)
                  00001f14    00000136     fips202.obj (.text:keccak_absorb)
                  0000204a    000000a0     fips202.obj (.text:shake128)
                  000020ea    0000009c     rtsv7M4_T_le_v4SPD16_eabi.lib : memcpy_t2.asm.obj (.text)
                  00002186    00000096                                   : ull_div_t2.asm.obj (.text)
                  0000221c    00000084     pinout.obj (.text:LEDWrite)
                  000022a0    0000007a     rtsv7M4_T_le_v4SPD16_eabi.lib : memset_t2.asm.obj (.text)
                  0000231a    00000068                                   : copy_decompress_lzss.c.obj (.text:decompress:lzss:__TI_decompress_lzss)
                  00002382    00000068     fips202.obj (.text:keccak_squeezeblocks)
                  000023ea    00000002     startup_ccs.obj (.text:NmiSR)
                  000023ec    00000060     uartstdio.obj (.text:UARTStdioConfig)
                  0000244c    0000005c     saber.obj (.text:ConfigureUART)
                  000024a8    0000005b     saber.obj (.text:charToInt)
                  00002503    00000001     --HOLE-- [fill = 0]
                  00002504    00000050     uartstdio.obj (.text:UARTwrite)
                  00002554    00000048     driverlib.lib : sysctl.obj (.text:_SysCtlFrequencyGet)
                  0000259c    00000044     rtsv7M4_T_le_v4SPD16_eabi.lib : autoinit.c.obj (.text:__TI_auto_init_nobinit_nopinit:__TI_auto_init_nobinit_nopinit)
                  000025e0    00000040                                   : u_divt2.asm.obj (.text)
                  00002620    00000034                                   : boot_cortex_m.c.obj (.text:_c_int00_noargs:_c_int00_noargs)
                  00002654    0000002c     driverlib.lib : gpio.obj (.text:GPIODirModeSet)
                  00002680    0000002c     fips202.obj (.text:load64)
                  000026ac    00000020     driverlib.lib : sysctl.obj (.text:_SysCtlMemTimingGet)
                  000026cc    0000001e     rtsv7M4_T_le_v4SPD16_eabi.lib : ll_lsl_t2.asm.obj (.text)
                  000026ea    0000001c                                   : copy_zero_init.c.obj (.text:decompress:ZI:__TI_zero_init_nomemset:__TI_zero_init_nomemset)
                  00002706    0000001a     uartstdio.obj (.text:UARTprintf)
                  00002720    0000001a     fips202.obj (.text:store64)
                  0000273a    00000018     rtsv7M4_T_le_v4SPD16_eabi.lib : ll_mul_t2.asm.obj (.text)
                  00002752    00000016     driverlib.lib : gpio.obj (.text:GPIOPinTypeEthernetLED)
                  00002768    0000000e     rtsv7M4_T_le_v4SPD16_eabi.lib : copy_decompress_none.c.obj (.text:decompress:none:__TI_decompress_none)
                  00002776    00000006     startup_ccs.obj (.text:ResetISR)
                  0000277c    00000006     driverlib.lib : sysctl.obj (.text:SysCtlDelay)
                  00002782    00000004     rtsv7M4_T_le_v4SPD16_eabi.lib : pre_init.c.obj (.text:_system_pre_init)
                  00002786    00000004                                   : exit.c.obj (.text:abort:abort)
                  0000278a    00000002                                   : div0.asm.obj (.text)

.const     0    00002790    00000370     
                  00002790    000001b0     driverlib.lib : sysctl.obj (.const:g_pppui32XTALtoVCO)
                  00002940    000000c0     fips202.obj (.const:KeccakF_RoundConstants)
                  00002a00    0000006c     driverlib.lib : sysctl.obj (.const:g_pui32Xtals)
                  00002a6c    00000041     saber.obj (.const:.string:$P$T0$1)
                  00002aad    00000003     --HOLE-- [fill = 0]
                  00002ab0    00000030     driverlib.lib : sysctl.obj (.const:g_sXTALtoMEMTIM)
                  00002ae0    0000000c     uartstdio.obj (.const:g_ui32UARTBase)
                  00002aec    0000000c     uartstdio.obj (.const:g_ui32UARTPeriph)
                  00002af8    00000008     driverlib.lib : sysctl.obj (.const:g_pui32VCOFrequencies)

.cinit     0    00002b00    00000030     
                  00002b00    0000000c     (__TI_handler_table)
                  00002b0c    00000004     --HOLE-- [fill = 0]
                  00002b10    00000008     (.cinit..bss.load) [load image, compression = zero_init]
                  00002b18    00000007     (.cinit..data.load) [load image, compression = lzss]
                  00002b1f    00000001     --HOLE-- [fill = 0]
                  00002b20    00000010     (__TI_cinit_table)

.init_array 
*          0    00000000    00000000     UNINITIALIZED

.stack     0    20000000    00000400     UNINITIALIZED
                  20000000    00000004     rtsv7M4_T_le_v4SPD16_eabi.lib : boot_cortex_m.c.obj (.stack)
                  20000004    000003fc     --HOLE--

.sysmem    0    20000400    00000010     UNINITIALIZED
                  20000400    00000010     rtsv7M4_T_le_v4SPD16_eabi.lib : memory.c.obj (.sysmem)

.data      0    20000410    00000005     UNINITIALIZED
                  20000410    00000005     uartstdio.obj (.data)

.bss       0    20000418    00000004     UNINITIALIZED
                  20000418    00000004     (.common:g_ui32SysClock)

.binit     0    00000000    00000000     

MODULE SUMMARY

       Module                       code   ro data   rw data
       ------                       ----   -------   -------
    .\
       fips202.obj                  5866   192       0      
       saber.obj                    507    65        4      
       startup_ccs.obj              12     512       0      
    +--+----------------------------+------+---------+---------+
       Total:                       6385   769       4      
                                                            
    .\drivers\
       pinout.obj                   656    0         0      
    +--+----------------------------+------+---------+---------+
       Total:                       656    0         0      
                                                            
    .\utils\
       uartstdio.obj                696    24        5      
    +--+----------------------------+------+---------+---------+
       Total:                       696    24        5      
                                                            
    C:/ti/TivaWare_C_Series-2.2.0.295/driverlib/ccs/Debug/driverlib.lib
       sysctl.obj                   622    596       0      
       gpio.obj                     430    0         0      
    +--+----------------------------+------+---------+---------+
       Total:                       1052   596       0      
                                                            
    C:\Users\nicho\Downloads\ti-cgt-arm_18.12.2.LTS\lib\rtsv7M4_T_le_v4SPD16_eabi.lib
       memcpy_t2.asm.obj            156    0         0      
       ull_div_t2.asm.obj           150    0         0      
       memset_t2.asm.obj            122    0         0      
       copy_decompress_lzss.c.obj   104    0         0      
       autoinit.c.obj               68     0         0      
       u_divt2.asm.obj              64     0         0      
       boot_cortex_m.c.obj          52     0         0      
       ll_lsl_t2.asm.obj            30     0         0      
       copy_zero_init.c.obj         28     0         0      
       ll_mul_t2.asm.obj            24     0         0      
       copy_decompress_none.c.obj   14     0         0      
       exit.c.obj                   4      0         0      
       pre_init.c.obj               4      0         0      
       div0.asm.obj                 2      0         0      
    +--+----------------------------+------+---------+---------+
       Total:                       822    0         0      
                                                            
       Heap:                        0      0         16     
       Stack:                       0      0         1024   
       Linker Generated:            0      43        0      
    +--+----------------------------+------+---------+---------+
       Grand Total:                 9611   1432      1049   


LINKER GENERATED COPY TABLES

__TI_cinit_table @ 00002b20 records: 2, size/record: 8, table size: 16
	.bss: load addr=00002b10, load size=00000008 bytes, run addr=20000418, run size=00000004 bytes, compression=zero_init
	.data: load addr=00002b18, load size=00000007 bytes, run addr=20000410, run size=00000005 bytes, compression=lzss


LINKER GENERATED HANDLER TABLE

__TI_handler_table @ 00002b00 records: 3, size/record: 4, table size: 12
	index: 0, handler: __TI_decompress_lzss
	index: 1, handler: __TI_decompress_none
	index: 2, handler: __TI_zero_init


GLOBAL SYMBOLS: SORTED ALPHABETICALLY BY Name 

address   name                          
-------   ----                          
00002787  C$$EXIT                       
0000244d  ConfigureUART                 
00002655  GPIODirModeSet                
00001c65  GPIOPadConfigSet              
00002753  GPIOPinTypeEthernetLED        
00000201  KeccakF1600_StatePermute      
0000221d  LEDWrite                      
00001669  PinoutSet                     
00002777  ResetISR                      
00001875  SysCtlClockFreqSet            
0000277d  SysCtlDelay                   
000023ed  UARTStdioConfig               
00002707  UARTprintf                    
00001a75  UARTvprintf                   
00002505  UARTwrite                     
20000400  __STACK_END                   
00000400  __STACK_SIZE                  
20000200  __STACK_TOP                   
00000010  __SYSMEM_SIZE                 
00002b20  __TI_CINIT_Base               
00002b30  __TI_CINIT_Limit              
00002b00  __TI_Handler_Table_Base       
00002b0c  __TI_Handler_Table_Limit      
0000259d  __TI_auto_init_nobinit_nopinit
0000231b  __TI_decompress_lzss          
00002769  __TI_decompress_none          
ffffffff  __TI_pprof_out_hndl           
ffffffff  __TI_prof_data_size           
ffffffff  __TI_prof_data_start          
00000000  __TI_static_base__            
000026eb  __TI_zero_init_nomemset       
0000278b  __aeabi_idiv0                 
0000278b  __aeabi_ldiv0                 
000026cd  __aeabi_llsl                  
0000273b  __aeabi_lmul                  
000022a1  __aeabi_memclr                
000022a1  __aeabi_memclr4               
000022a1  __aeabi_memclr8               
000020eb  __aeabi_memcpy                
000020eb  __aeabi_memcpy4               
000020eb  __aeabi_memcpy8               
000022a3  __aeabi_memset                
000022a3  __aeabi_memset4               
000022a3  __aeabi_memset8               
000025e1  __aeabi_uidiv                 
000025e1  __aeabi_uidivmod              
00002187  __aeabi_uldivmod              
ffffffff  __binit__                     
ffffffff  __c_args__                    
UNDEFED   __mpu_init                    
20000000  __stack                       
00002621  _c_int00_noargs               
20000400  _sys_memory                   
UNDEFED   _system_post_cinit            
00002783  _system_pre_init              
00002787  abort                         
ffffffff  binit                         
000024a9  charToInt                     
00000000  g_pfnVectors                  
20000418  g_ui32SysClock                
00001dd1  main                          
000020eb  memcpy                        
000022a9  memset                        
0000204b  shake128                      


GLOBAL SYMBOLS: SORTED BY Symbol Address 

address   name                          
-------   ----                          
00000000  __TI_static_base__            
00000000  g_pfnVectors                  
00000010  __SYSMEM_SIZE                 
00000201  KeccakF1600_StatePermute      
00000400  __STACK_SIZE                  
00001669  PinoutSet                     
00001875  SysCtlClockFreqSet            
00001a75  UARTvprintf                   
00001c65  GPIOPadConfigSet              
00001dd1  main                          
0000204b  shake128                      
000020eb  __aeabi_memcpy                
000020eb  __aeabi_memcpy4               
000020eb  __aeabi_memcpy8               
000020eb  memcpy                        
00002187  __aeabi_uldivmod              
0000221d  LEDWrite                      
000022a1  __aeabi_memclr                
000022a1  __aeabi_memclr4               
000022a1  __aeabi_memclr8               
000022a3  __aeabi_memset                
000022a3  __aeabi_memset4               
000022a3  __aeabi_memset8               
000022a9  memset                        
0000231b  __TI_decompress_lzss          
000023ed  UARTStdioConfig               
0000244d  ConfigureUART                 
000024a9  charToInt                     
00002505  UARTwrite                     
0000259d  __TI_auto_init_nobinit_nopinit
000025e1  __aeabi_uidiv                 
000025e1  __aeabi_uidivmod              
00002621  _c_int00_noargs               
00002655  GPIODirModeSet                
000026cd  __aeabi_llsl                  
000026eb  __TI_zero_init_nomemset       
00002707  UARTprintf                    
0000273b  __aeabi_lmul                  
00002753  GPIOPinTypeEthernetLED        
00002769  __TI_decompress_none          
00002777  ResetISR                      
0000277d  SysCtlDelay                   
00002783  _system_pre_init              
00002787  C$$EXIT                       
00002787  abort                         
0000278b  __aeabi_idiv0                 
0000278b  __aeabi_ldiv0                 
00002b00  __TI_Handler_Table_Base       
00002b0c  __TI_Handler_Table_Limit      
00002b20  __TI_CINIT_Base               
00002b30  __TI_CINIT_Limit              
20000000  __stack                       
20000200  __STACK_TOP                   
20000400  __STACK_END                   
20000400  _sys_memory                   
20000418  g_ui32SysClock                
ffffffff  __TI_pprof_out_hndl           
ffffffff  __TI_prof_data_size           
ffffffff  __TI_prof_data_start          
ffffffff  __binit__                     
ffffffff  __c_args__                    
ffffffff  binit                         
UNDEFED   __mpu_init                    
UNDEFED   _system_post_cinit            

[64 symbols]
