******************************************************************************
                  TI ARM Linker PC v18.12.2                    
******************************************************************************
>> Linked Wed Apr  9 12:01:47 2025

OUTPUT FILE NAME:   <saber.out>
ENTRY POINT SYMBOL: "_c_int00_noargs"  address: 000037cd


MEMORY CONFIGURATION

         name            origin    length      used     unused   attr    fill
----------------------  --------  ---------  --------  --------  ----  --------
  FLASH                 00000000   00100000  00003d5a  000fc2a6  R  X
  SRAM                  20000000   00040000  0000843c  00037bc4  RW X


SEGMENT ALLOCATION MAP

run origin  load origin   length   init length attrs members
----------  ----------- ---------- ----------- ----- -------
00000000    00000000    00003d60   00003d60    r-x
  00000000    00000000    00000200   00000200    r-- .intvecs
  00000200    00000200    000037f6   000037f6    r-x .text
  000039f8    000039f8    0000032c   0000032c    r-- .const
  00003d28    00003d28    00000038   00000038    r-- .cinit
20000000    20000000    0000843c   00000000    rw-
  20000000    20000000    00008000   00000000    rw- .sysmem
  20008000    20008000    00000400   00000000    rw- .stack
  20008400    20008400    00000020   00000000    rw- .bss
  20008420    20008420    0000001c   00000000    rw- .data


SECTION ALLOCATION MAP

 output                                  attributes/
section   page    origin      length       input sections
--------  ----  ----------  ----------   ----------------
.intvecs   0    00000000    00000200     
                  00000000    00000200     startup_ccs.obj (.intvecs)

.text      0    00000200    000037f6     
                  00000200    00001466     fips202.obj (.text:KeccakF1600_StatePermute)
                  00001666    00000002     startup_ccs.obj (.text:FaultISR)
                  00001668    00000428     poly_mul.obj (.text:toom_cook_4way)
                  00001a90    0000028c     poly_mul.obj (.text:karatsuba_simple)
                  00001d1c    0000020c     pinout.obj (.text:PinoutSet)
                  00001f28    00000200     driverlib.lib : sysctl.obj (.text:SysCtlClockFreqSet)
                  00002128    000001ee     uartstdio.obj (.text:UARTvprintf)
                  00002316    00000002     startup_ccs.obj (.text:IntDefaultHandler)
                  00002318    0000016c     driverlib.lib : gpio.obj (.text:GPIOPadConfigSet)
                  00002484    00000136     fips202.obj (.text:keccak_absorb)
                  000025ba    00000002     startup_ccs.obj (.text:NmiSR)
                  000025bc    00000134     rtsv7M4_T_le_v4SPD16_eabi.lib : vla_alloc.c.obj (.text:__vla_alloc)
                  000026f0    00000130     saber.obj (.text:main)
                  00002820    0000012c     SABER_indcpa.obj (.text:indcpa_kem_keypair)
                  0000294c    000000f4     rtsv7M4_T_le_v4SPD16_eabi.lib : memory.c.obj (.text:aligned_alloc)
                  00002a40    000000e8                                   : memory.c.obj (.text:free)
                  00002b28    000000e6     SABER_indcpa.obj (.text:MatrixVectorMul)
                  00002c0e    000000e0     pack_unpack.obj (.text:POLVECq2BS)
                  00002cee    00000002     rtsv7M4_T_le_v4SPD16_eabi.lib : _lock.c.obj (.text:_nop)
                  00002cf0    000000d8                                   : memory.c.obj (.text:realloc)
                  00002dc8    000000ac     pack_unpack.obj (.text:BS2POL)
                  00002e74    000000ac     fips202.obj (.text:shake128)
                  00002f20    0000009c     rtsv7M4_T_le_v4SPD16_eabi.lib : memcpy_t2.asm.obj (.text)
                  00002fbc    00000096                                   : ull_div_t2.asm.obj (.text)
                  00003052    00000002                                   : div0.asm.obj (.text)
                  00003054    00000084     pinout.obj (.text:LEDWrite)
                  000030d8    0000007e     pack_unpack.obj (.text:POLVECp2BS)
                  00003156    00000002     --HOLE-- [fill = 0]
                  00003158    0000007c     rtsv7M4_T_le_v4SPD16_eabi.lib : memory.c.obj (.text:split)
                  000031d4    0000007a                                   : memset_t2.asm.obj (.text)
                  0000324e    00000002     --HOLE-- [fill = 0]
                  00003250    00000078                                   : vla_alloc.c.obj (.text:_ZN33_INTERNAL_11_vla_alloc_c_be8bd49b21free_dead_allocationsEPv)
                  000032c8    00000078                                   : vla_alloc.c.obj (.text:__vla_dealloc)
                  00003340    00000076     SABER_indcpa.obj (.text:GenMatrix)
                  000033b6    00000074     cbd.obj (.text:cbd)
                  0000342a    00000068     rtsv7M4_T_le_v4SPD16_eabi.lib : copy_decompress_lzss.c.obj (.text:decompress:lzss:__TI_decompress_lzss)
                  00003492    00000068     fips202.obj (.text:keccak_squeezeblocks)
                  000034fa    00000002     --HOLE-- [fill = 0]
                  000034fc    00000068     poly_mul.obj (.text:pol_mul)
                  00003564    00000060     uartstdio.obj (.text:UARTStdioConfig)
                  000035c4    0000005c     saber.obj (.text:ConfigureUART)
                  00003620    00000052     poly.obj (.text:GenSecret)
                  00003672    00000002     --HOLE-- [fill = 0]
                  00003674    00000050     uartstdio.obj (.text:UARTwrite)
                  000036c4    00000048     driverlib.lib : sysctl.obj (.text:_SysCtlFrequencyGet)
                  0000370c    00000044     rtsv7M4_T_le_v4SPD16_eabi.lib : autoinit.c.obj (.text:__TI_auto_init_nobinit_nopinit:__TI_auto_init_nobinit_nopinit)
                  00003750    00000040                                   : u_divt2.asm.obj (.text)
                  00003790    0000003a     cbd.obj (.text:load_littleendian)
                  000037ca    00000002     --HOLE-- [fill = 0]
                  000037cc    00000034     rtsv7M4_T_le_v4SPD16_eabi.lib : boot_cortex_m.c.obj (.text:_c_int00_noargs:_c_int00_noargs)
                  00003800    00000034                                   : rand.c.obj (.text:rand)
                  00003834    0000002c     driverlib.lib : gpio.obj (.text:GPIODirModeSet)
                  00003860    0000002c     fips202.obj (.text:load64)
                  0000388c    00000028     rtsv7M4_T_le_v4SPD16_eabi.lib : memory.c.obj (.text:free_list_insert)
                  000038b4    00000024                                   : rand.c.obj (.text:srand)
                  000038d8    00000020     driverlib.lib : sysctl.obj (.text:_SysCtlMemTimingGet)
                  000038f8    0000001e     rtsv7M4_T_le_v4SPD16_eabi.lib : ll_lsl_t2.asm.obj (.text)
                  00003916    0000001c                                   : copy_zero_init.c.obj (.text:decompress:ZI:__TI_zero_init_nomemset:__TI_zero_init_nomemset)
                  00003932    00000002     --HOLE-- [fill = 0]
                  00003934    0000001c                                   : memory.c.obj (.text:free_list_remove)
                  00003950    0000001a     uartstdio.obj (.text:UARTprintf)
                  0000396a    0000001a     fips202.obj (.text:store64)
                  00003984    00000018     rtsv7M4_T_le_v4SPD16_eabi.lib : ll_mul_t2.asm.obj (.text)
                  0000399c    00000016     driverlib.lib : gpio.obj (.text:GPIOPinTypeEthernetLED)
                  000039b2    00000016     pack_unpack.obj (.text:POLVEC2BS)
                  000039c8    0000000e     rtsv7M4_T_le_v4SPD16_eabi.lib : copy_decompress_none.c.obj (.text:decompress:none:__TI_decompress_none)
                  000039d6    00000008                                   : memory.c.obj (.text:malloc)
                  000039de    00000006     startup_ccs.obj (.text:ResetISR)
                  000039e4    00000006     driverlib.lib : sysctl.obj (.text:SysCtlDelay)
                  000039ea    00000004     rtsv7M4_T_le_v4SPD16_eabi.lib : error.c.obj (.text:__abort_execution)
                  000039ee    00000004                                   : pre_init.c.obj (.text:_system_pre_init)
                  000039f2    00000004                                   : exit.c.obj (.text:abort:abort)

.const     0    000039f8    0000032c     
                  000039f8    000001b0     driverlib.lib : sysctl.obj (.const:g_pppui32XTALtoVCO)
                  00003ba8    000000c0     fips202.obj (.const:KeccakF_RoundConstants)
                  00003c68    0000006c     driverlib.lib : sysctl.obj (.const:g_pui32Xtals)
                  00003cd4    00000030                   : sysctl.obj (.const:g_sXTALtoMEMTIM)
                  00003d04    0000000c     uartstdio.obj (.const:g_ui32UARTBase)
                  00003d10    0000000c     uartstdio.obj (.const:g_ui32UARTPeriph)
                  00003d1c    00000008     driverlib.lib : sysctl.obj (.const:g_pui32VCOFrequencies)

.cinit     0    00003d28    00000038     
                  00003d28    00000010     (.cinit..data.load) [load image, compression = lzss]
                  00003d38    0000000c     (__TI_handler_table)
                  00003d44    00000004     --HOLE-- [fill = 0]
                  00003d48    00000008     (.cinit..bss.load) [load image, compression = zero_init]
                  00003d50    00000010     (__TI_cinit_table)

.init_array 
*          0    00000000    00000000     UNINITIALIZED

.sysmem    0    20000000    00008000     UNINITIALIZED
                  20000000    00000010     rtsv7M4_T_le_v4SPD16_eabi.lib : memory.c.obj (.sysmem)
                  20000010    00007ff0     --HOLE--

.stack     0    20008000    00000400     UNINITIALIZED
                  20008000    00000004     rtsv7M4_T_le_v4SPD16_eabi.lib : boot_cortex_m.c.obj (.stack)
                  20008004    000003fc     --HOLE--

.bss       0    20008400    00000020     UNINITIALIZED
                  20008400    0000001c     rtsv7M4_T_le_v4SPD16_eabi.lib : vla_alloc.c.obj (.bss:$O1$$)
                  2000841c    00000004     (.common:g_ui32SysClock)

.data      0    20008420    0000001c     UNINITIALIZED
                  20008420    00000008     rtsv7M4_T_le_v4SPD16_eabi.lib : _lock.c.obj (.data:$O1$$)
                  20008428    00000008                                   : memory.c.obj (.data:$O1$$)
                  20008430    00000005     uartstdio.obj (.data)
                  20008435    00000003     --HOLE--
                  20008438    00000004     rtsv7M4_T_le_v4SPD16_eabi.lib : rand.c.obj (.data)

.binit     0    00000000    00000000     

MODULE SUMMARY

       Module                       code    ro data   rw data
       ------                       ----    -------   -------
    .\
       fips202.obj                  5878    192       0      
       poly_mul.obj                 1820    0         0      
       SABER_indcpa.obj             648     0         0      
       pack_unpack.obj              544     0         0      
       startup_ccs.obj              12      512       0      
       saber.obj                    396     0         4      
       cbd.obj                      174     0         0      
       poly.obj                     82      0         0      
    +--+----------------------------+-------+---------+---------+
       Total:                       9554    704       4      
                                                             
    .\drivers\
       pinout.obj                   656     0         0      
    +--+----------------------------+-------+---------+---------+
       Total:                       656     0         0      
                                                             
    .\utils\
       uartstdio.obj                696     24        5      
    +--+----------------------------+-------+---------+---------+
       Total:                       696     24        5      
                                                             
    C:/ti/TivaWare_C_Series-2.2.0.295/driverlib/ccs/Debug/driverlib.lib
       sysctl.obj                   622     596       0      
       gpio.obj                     430     0         0      
    +--+----------------------------+-------+---------+---------+
       Total:                       1052    596       0      
                                                             
    C:\Users\nicho\Downloads\ti-cgt-arm_18.12.2.LTS\lib\rtsv7M4_T_le_v4SPD16_eabi.lib
       memory.c.obj                 892     0         8      
       vla_alloc.c.obj              548     0         28     
       memcpy_t2.asm.obj            156     0         0      
       ull_div_t2.asm.obj           150     0         0      
       memset_t2.asm.obj            122     0         0      
       copy_decompress_lzss.c.obj   104     0         0      
       rand.c.obj                   88      0         4      
       autoinit.c.obj               68      0         0      
       u_divt2.asm.obj              64      0         0      
       boot_cortex_m.c.obj          52      0         0      
       ll_lsl_t2.asm.obj            30      0         0      
       copy_zero_init.c.obj         28      0         0      
       ll_mul_t2.asm.obj            24      0         0      
       copy_decompress_none.c.obj   14      0         0      
       _lock.c.obj                  2       0         8      
       error.c.obj                  4       0         0      
       exit.c.obj                   4       0         0      
       pre_init.c.obj               4       0         0      
       div0.asm.obj                 2       0         0      
    +--+----------------------------+-------+---------+---------+
       Total:                       2356    0         48     
                                                             
       Heap:                        0       0         32768  
       Stack:                       0       0         1024   
       Linker Generated:            0       52        0      
    +--+----------------------------+-------+---------+---------+
       Grand Total:                 14314   1376      33849  


LINKER GENERATED COPY TABLES

__TI_cinit_table @ 00003d50 records: 2, size/record: 8, table size: 16
	.data: load addr=00003d28, load size=00000010 bytes, run addr=20008420, run size=0000001c bytes, compression=lzss
	.bss: load addr=00003d48, load size=00000008 bytes, run addr=20008400, run size=00000020 bytes, compression=zero_init


LINKER GENERATED HANDLER TABLE

__TI_handler_table @ 00003d38 records: 3, size/record: 4, table size: 12
	index: 0, handler: __TI_decompress_lzss
	index: 1, handler: __TI_decompress_none
	index: 2, handler: __TI_zero_init


GLOBAL SYMBOLS: SORTED ALPHABETICALLY BY Name 

address   name                          
-------   ----                          
00002dc9  BS2POL                        
000039f3  C$$EXIT                       
000035c5  ConfigureUART                 
00003835  GPIODirModeSet                
00002319  GPIOPadConfigSet              
0000399d  GPIOPinTypeEthernetLED        
00003341  GenMatrix                     
00003621  GenSecret                     
00000201  KeccakF1600_StatePermute      
00003055  LEDWrite                      
00002b29  MatrixVectorMul               
000039b3  POLVEC2BS                     
000030d9  POLVECp2BS                    
00002c0f  POLVECq2BS                    
00001d1d  PinoutSet                     
000039df  ResetISR                      
00001f29  SysCtlClockFreqSet            
000039e5  SysCtlDelay                   
00003565  UARTStdioConfig               
00003951  UARTprintf                    
00002129  UARTvprintf                   
00003675  UARTwrite                     
20008400  __STACK_END                   
00000400  __STACK_SIZE                  
20008200  __STACK_TOP                   
00008000  __SYSMEM_SIZE                 
00003d50  __TI_CINIT_Base               
00003d60  __TI_CINIT_Limit              
00003d38  __TI_Handler_Table_Base       
00003d44  __TI_Handler_Table_Limit      
0000370d  __TI_auto_init_nobinit_nopinit
0000342b  __TI_decompress_lzss          
000039c9  __TI_decompress_none          
ffffffff  __TI_pprof_out_hndl           
ffffffff  __TI_prof_data_size           
ffffffff  __TI_prof_data_start          
00000000  __TI_static_base__            
00003917  __TI_zero_init_nomemset       
000039eb  __abort_execution             
00003053  __aeabi_idiv0                 
00003053  __aeabi_ldiv0                 
000038f9  __aeabi_llsl                  
00003985  __aeabi_lmul                  
000031d5  __aeabi_memclr                
000031d5  __aeabi_memclr4               
000031d5  __aeabi_memclr8               
00002f21  __aeabi_memcpy                
00002f21  __aeabi_memcpy4               
00002f21  __aeabi_memcpy8               
000031d7  __aeabi_memset                
000031d7  __aeabi_memset4               
000031d7  __aeabi_memset8               
00003751  __aeabi_uidiv                 
00003751  __aeabi_uidivmod              
00002fbd  __aeabi_uldivmod              
ffffffff  __binit__                     
ffffffff  __c_args__                    
UNDEFED   __mpu_init                    
20008000  __stack                       
000025bd  __vla_alloc                   
000032c9  __vla_dealloc                 
000037cd  _c_int00_noargs               
20008420  _lock                         
00002cef  _nop                          
20000000  _sys_memory                   
UNDEFED   _system_post_cinit            
000039ef  _system_pre_init              
20008424  _unlock                       
000039f3  abort                         
0000294d  aligned_alloc                 
ffffffff  binit                         
000033b7  cbd                           
00002a41  free                          
00000000  g_pfnVectors                  
2000841c  g_ui32SysClock                
00002821  indcpa_kem_keypair            
00001a91  karatsuba_simple              
000026f1  main                          
000039d7  malloc                        
0000294d  memalign                      
00002f21  memcpy                        
000031dd  memset                        
000034fd  pol_mul                       
00003801  rand                          
00002cf1  realloc                       
00002e75  shake128                      
000038b5  srand                         
00001669  toom_cook_4way                


GLOBAL SYMBOLS: SORTED BY Symbol Address 

address   name                          
-------   ----                          
00000000  __TI_static_base__            
00000000  g_pfnVectors                  
00000201  KeccakF1600_StatePermute      
00000400  __STACK_SIZE                  
00001669  toom_cook_4way                
00001a91  karatsuba_simple              
00001d1d  PinoutSet                     
00001f29  SysCtlClockFreqSet            
00002129  UARTvprintf                   
00002319  GPIOPadConfigSet              
000025bd  __vla_alloc                   
000026f1  main                          
00002821  indcpa_kem_keypair            
0000294d  aligned_alloc                 
0000294d  memalign                      
00002a41  free                          
00002b29  MatrixVectorMul               
00002c0f  POLVECq2BS                    
00002cef  _nop                          
00002cf1  realloc                       
00002dc9  BS2POL                        
00002e75  shake128                      
00002f21  __aeabi_memcpy                
00002f21  __aeabi_memcpy4               
00002f21  __aeabi_memcpy8               
00002f21  memcpy                        
00002fbd  __aeabi_uldivmod              
00003053  __aeabi_idiv0                 
00003053  __aeabi_ldiv0                 
00003055  LEDWrite                      
000030d9  POLVECp2BS                    
000031d5  __aeabi_memclr                
000031d5  __aeabi_memclr4               
000031d5  __aeabi_memclr8               
000031d7  __aeabi_memset                
000031d7  __aeabi_memset4               
000031d7  __aeabi_memset8               
000031dd  memset                        
000032c9  __vla_dealloc                 
00003341  GenMatrix                     
000033b7  cbd                           
0000342b  __TI_decompress_lzss          
000034fd  pol_mul                       
00003565  UARTStdioConfig               
000035c5  ConfigureUART                 
00003621  GenSecret                     
00003675  UARTwrite                     
0000370d  __TI_auto_init_nobinit_nopinit
00003751  __aeabi_uidiv                 
00003751  __aeabi_uidivmod              
000037cd  _c_int00_noargs               
00003801  rand                          
00003835  GPIODirModeSet                
000038b5  srand                         
000038f9  __aeabi_llsl                  
00003917  __TI_zero_init_nomemset       
00003951  UARTprintf                    
00003985  __aeabi_lmul                  
0000399d  GPIOPinTypeEthernetLED        
000039b3  POLVEC2BS                     
000039c9  __TI_decompress_none          
000039d7  malloc                        
000039df  ResetISR                      
000039e5  SysCtlDelay                   
000039eb  __abort_execution             
000039ef  _system_pre_init              
000039f3  C$$EXIT                       
000039f3  abort                         
00003d38  __TI_Handler_Table_Base       
00003d44  __TI_Handler_Table_Limit      
00003d50  __TI_CINIT_Base               
00003d60  __TI_CINIT_Limit              
00008000  __SYSMEM_SIZE                 
20000000  _sys_memory                   
20008000  __stack                       
20008200  __STACK_TOP                   
20008400  __STACK_END                   
2000841c  g_ui32SysClock                
20008420  _lock                         
20008424  _unlock                       
ffffffff  __TI_pprof_out_hndl           
ffffffff  __TI_prof_data_size           
ffffffff  __TI_prof_data_start          
ffffffff  __binit__                     
ffffffff  __c_args__                    
ffffffff  binit                         
UNDEFED   __mpu_init                    
UNDEFED   _system_post_cinit            

[88 symbols]
