******************************************************************************
                  TI ARM Linker PC v18.12.2                    
******************************************************************************
>> Linked Fri May  9 19:16:42 2025

OUTPUT FILE NAME:   <saber.out>
ENTRY POINT SYMBOL: "_c_int00_noargs"  address: 00003da1


MEMORY CONFIGURATION

         name            origin    length      used     unused   attr    fill
----------------------  --------  ---------  --------  --------  ----  --------
  FLASH                 00000000   00100000  000041f8  000fbe08  R  X
  SRAM                  20000000   00040000  0000843c  00037bc4  RW X


SEGMENT ALLOCATION MAP

run origin  load origin   length   init length attrs members
----------  ----------- ---------- ----------- ----- -------
00000000    00000000    000041f8   000041f8    r-x
  00000000    00000000    00000200   00000200    r-- .intvecs
  00000200    00000200    00003ea8   00003ea8    r-x .text
  000040a8    000040a8    00000118   00000118    r-- .const
  000041c0    000041c0    00000038   00000038    r-- .cinit
20000000    20000000    0000843c   00000000    rw-
  20000000    20000000    00008000   00000000    rw- .sysmem
  20008000    20008000    00000400   00000000    rw- .stack
  20008400    20008400    00000020   00000000    rw- .bss
  20008420    20008420    0000001c   00000000    rw- .data


SECTION ALLOCATION MAP

 output                                  attributes/
section   page    origin      length       input sections
--------  ----  ----------  ----------   ----------------
.intvecs   0    00000000    00000200     
                  00000000    00000200     startup_ccs.obj (.intvecs)

.text      0    00000200    00003ea8     
                  00000200    00001466     fips202.obj (.text:KeccakF1600_StatePermute)
                  00001666    00000002     startup_ccs.obj (.text:FaultISR)
                  00001668    00000428     poly_mul.obj (.text:toom_cook_4way)
                  00001a90    000002ec     saber.obj (.text:main)
                  00001d7c    0000028c     poly_mul.obj (.text:karatsuba_simple)
                  00002008    0000020c     pinout.obj (.text:PinoutSet)
                  00002214    000001ee     uartstdio.obj (.text:UARTvprintf)
                  00002402    00000002     startup_ccs.obj (.text:IntDefaultHandler)
                  00002404    000001b4     SABER_indcpa.obj (.text:indcpa_kem_enc)
                  000025b8    0000016c     driverlib.lib : gpio.obj (.text:GPIOPadConfigSet)
                  00002724    00000136     fips202.obj (.text:keccak_absorb)
                  0000285a    00000002     startup_ccs.obj (.text:NmiSR)
                  0000285c    00000134     rtsv7M4_T_le_v4SPD16_eabi.lib : vla_alloc.c.obj (.text:__vla_alloc)
                  00002990    00000124     SABER_indcpa.obj (.text:indcpa_kem_keypair)
                  00002ab4    000000f4     rtsv7M4_T_le_v4SPD16_eabi.lib : memory.c.obj (.text:aligned_alloc)
                  00002ba8    000000e8                                   : memory.c.obj (.text:free)
                  00002c90    000000e6     SABER_indcpa.obj (.text:MatrixVectorMul)
                  00002d76    000000e0     pack_unpack.obj (.text:POLVECq2BS)
                  00002e56    000000da     pack_unpack.obj (.text:BS2POLVECq)
                  00002f30    000000d8     rtsv7M4_T_le_v4SPD16_eabi.lib : memory.c.obj (.text:realloc)
                  00003008    000000c0     SABER_indcpa.obj (.text:indcpa_kem_dec)
                  000030c8    000000b4     kem.obj (.text:crypto_kem_dec)
                  0000317c    000000ac     pack_unpack.obj (.text:BS2POL)
                  00003228    000000ac     fips202.obj (.text:shake128)
                  000032d4    0000009c     rtsv7M4_T_le_v4SPD16_eabi.lib : memcpy_t2.asm.obj (.text)
                  00003370    00000096                                   : ull_div_t2.asm.obj (.text)
                  00003406    0000007e     pack_unpack.obj (.text:POLVECp2BS)
                  00003484    0000007c     rtsv7M4_T_le_v4SPD16_eabi.lib : memory.c.obj (.text:split)
                  00003500    0000007a                                   : memset_t2.asm.obj (.text)
                  0000357a    00000078     pack_unpack.obj (.text:BS2POLVECp)
                  000035f2    00000002     rtsv7M4_T_le_v4SPD16_eabi.lib : _lock.c.obj (.text:_nop)
                  000035f4    00000078                                   : vla_alloc.c.obj (.text:_ZN33_INTERNAL_11_vla_alloc_c_be8bd49b21free_dead_allocationsEPv)
                  0000366c    00000078                                   : vla_alloc.c.obj (.text:__vla_dealloc)
                  000036e4    00000076     SABER_indcpa.obj (.text:GenMatrix)
                  0000375a    00000074     cbd.obj (.text:cbd)
                  000037ce    00000068     rtsv7M4_T_le_v4SPD16_eabi.lib : copy_decompress_lzss.c.obj (.text:decompress:lzss:__TI_decompress_lzss)
                  00003836    00000068     fips202.obj (.text:keccak_squeezeblocks)
                  0000389e    00000002     rtsv7M4_T_le_v4SPD16_eabi.lib : div0.asm.obj (.text)
                  000038a0    00000068     poly_mul.obj (.text:pol_mul)
                  00003908    00000064     SABER_indcpa.obj (.text:InnerProd)
                  0000396c    00000064     kem.obj (.text:crypto_kem_enc)
                  000039d0    00000060     uartstdio.obj (.text:UARTStdioConfig)
                  00003a30    0000005c     saber.obj (.text:ConfigureUART)
                  00003a8c    0000005b     saber.obj (.text:charToInt)
                  00003ae7    00000001     --HOLE-- [fill = 0]
                  00003ae8    00000058     fips202.obj (.text:sha3_256)
                  00003b40    00000058     fips202.obj (.text:sha3_512)
                  00003b98    00000054     kem.obj (.text:crypto_kem_keypair)
                  00003bec    00000052     poly.obj (.text:GenSecret)
                  00003c3e    00000002     --HOLE-- [fill = 0]
                  00003c40    00000050     saber.obj (.text:SYSCLK_Init)
                  00003c90    00000050     uartstdio.obj (.text:UARTwrite)
                  00003ce0    00000044     rtsv7M4_T_le_v4SPD16_eabi.lib : autoinit.c.obj (.text:__TI_auto_init_nobinit_nopinit:__TI_auto_init_nobinit_nopinit)
                  00003d24    00000040                                   : u_divt2.asm.obj (.text)
                  00003d64    0000003a     cbd.obj (.text:load_littleendian)
                  00003d9e    00000002     --HOLE-- [fill = 0]
                  00003da0    00000034     rtsv7M4_T_le_v4SPD16_eabi.lib : boot_cortex_m.c.obj (.text:_c_int00_noargs:_c_int00_noargs)
                  00003dd4    00000034                                   : rand.c.obj (.text:rand)
                  00003e08    00000032     SABER_indcpa.obj (.text:POL2MSG)
                  00003e3a    00000032     verify.obj (.text:verify)
                  00003e6c    0000002c     driverlib.lib : gpio.obj (.text:GPIODirModeSet)
                  00003e98    0000002c     fips202.obj (.text:load64)
                  00003ec4    00000028     rtsv7M4_T_le_v4SPD16_eabi.lib : memory.c.obj (.text:free_list_insert)
                  00003eec    00000024     verify.obj (.text:cmov)
                  00003f10    00000024     rtsv7M4_T_le_v4SPD16_eabi.lib : rand.c.obj (.text:srand)
                  00003f34    00000022     pack_unpack.obj (.text:SABER_pack_4bit)
                  00003f56    00000020     pack_unpack.obj (.text:SABER_un_pack4bit)
                  00003f76    0000001e     rtsv7M4_T_le_v4SPD16_eabi.lib : ll_lsl_t2.asm.obj (.text)
                  00003f94    0000001c                                   : copy_zero_init.c.obj (.text:decompress:ZI:__TI_zero_init_nomemset:__TI_zero_init_nomemset)
                  00003fb0    0000001c                                   : memory.c.obj (.text:free_list_remove)
                  00003fcc    0000001a     driverlib.lib : gpio.obj (.text:GPIOPinTypeGPIOOutput)
                  00003fe6    0000001a     uartstdio.obj (.text:UARTprintf)
                  00004000    0000001a     fips202.obj (.text:store64)
                  0000401a    00000018     rtsv7M4_T_le_v4SPD16_eabi.lib : ll_mul_t2.asm.obj (.text)
                  00004032    00000016     pack_unpack.obj (.text:BS2POLVEC)
                  00004048    00000016     driverlib.lib : gpio.obj (.text:GPIOPinTypeEthernetLED)
                  0000405e    00000016     pack_unpack.obj (.text:POLVEC2BS)
                  00004074    0000000e     rtsv7M4_T_le_v4SPD16_eabi.lib : copy_decompress_none.c.obj (.text:decompress:none:__TI_decompress_none)
                  00004082    00000008                                   : memory.c.obj (.text:malloc)
                  0000408a    00000006     driverlib.lib : gpio.obj (.text:GPIOPinWrite)
                  00004090    00000006     startup_ccs.obj (.text:ResetISR)
                  00004096    00000006     driverlib.lib : sysctl.obj (.text:SysCtlDelay)
                  0000409c    00000004     rtsv7M4_T_le_v4SPD16_eabi.lib : error.c.obj (.text:__abort_execution)
                  000040a0    00000004                                   : pre_init.c.obj (.text:_system_pre_init)
                  000040a4    00000004                                   : exit.c.obj (.text:abort:abort)

.const     0    000040a8    00000118     
                  000040a8    000000c0     fips202.obj (.const:KeccakF_RoundConstants)
                  00004168    00000040     saber.obj (.const:.string:$P$T0$1)
                  000041a8    0000000c     uartstdio.obj (.const:g_ui32UARTBase)
                  000041b4    0000000c     uartstdio.obj (.const:g_ui32UARTPeriph)

.cinit     0    000041c0    00000038     
                  000041c0    00000010     (.cinit..data.load) [load image, compression = lzss]
                  000041d0    0000000c     (__TI_handler_table)
                  000041dc    00000004     --HOLE-- [fill = 0]
                  000041e0    00000008     (.cinit..bss.load) [load image, compression = zero_init]
                  000041e8    00000010     (__TI_cinit_table)

.init_array 
*          0    00000000    00000000     UNINITIALIZED

.sysmem    0    20000000    00008000     UNINITIALIZED
                  20000000    00000010     rtsv7M4_T_le_v4SPD16_eabi.lib : memory.c.obj (.sysmem)
                  20000010    00007ff0     --HOLE--

.stack     0    20008000    00000400     UNINITIALIZED
                  20008000    00000004     rtsv7M4_T_le_v4SPD16_eabi.lib : boot_cortex_m.c.obj (.stack)
                  20008004    000003fc     --HOLE--

.bss       0    20008400    00000020     UNINITIALIZED
                  20008400    0000001c     rtsv7M4_T_le_v4SPD16_eabi.lib : vla_alloc.c.obj (.bss:$O1$$)
                  2000841c    00000004     (.common:g_ui32SysClock)

.data      0    20008420    0000001c     UNINITIALIZED
                  20008420    00000008     rtsv7M4_T_le_v4SPD16_eabi.lib : _lock.c.obj (.data:$O1$$)
                  20008428    00000008                                   : memory.c.obj (.data:$O1$$)
                  20008430    00000005     uartstdio.obj (.data)
                  20008435    00000003     --HOLE--
                  20008438    00000004     rtsv7M4_T_le_v4SPD16_eabi.lib : rand.c.obj (.data)

.binit     0    00000000    00000000     

MODULE SUMMARY

       Module                       code    ro data   rw data
       ------                       ----    -------   -------
    .\
       fips202.obj                  6054    192       0      
       poly_mul.obj                 1820    0         0      
       SABER_indcpa.obj             1418    0         0      
       saber.obj                    1011    64        4      
       pack_unpack.obj              970     0         0      
       startup_ccs.obj              12      512       0      
       kem.obj                      364     0         0      
       cbd.obj                      174     0         0      
       verify.obj                   86      0         0      
       poly.obj                     82      0         0      
    +--+----------------------------+-------+---------+---------+
       Total:                       11991   768       4      
                                                             
    .\drivers\
       pinout.obj                   524     0         0      
    +--+----------------------------+-------+---------+---------+
       Total:                       524     0         0      
                                                             
    .\utils\
       uartstdio.obj                696     24        5      
    +--+----------------------------+-------+---------+---------+
       Total:                       696     24        5      
                                                             
    C:/ti/TivaWare_C_Series-2.2.0.295/driverlib/ccs/Debug/driverlib.lib
       gpio.obj                     462     0         0      
       sysctl.obj                   6       0         0      
    +--+----------------------------+-------+---------+---------+
       Total:                       468     0         0      
                                                             
    C:\Users\nicho\Downloads\ti-cgt-arm_18.12.2.LTS\lib\rtsv7M4_T_le_v4SPD16_eabi.lib
       memory.c.obj                 892     0         8      
       vla_alloc.c.obj              548     0         28     
       memcpy_t2.asm.obj            156     0         0      
       ull_div_t2.asm.obj           150     0         0      
       memset_t2.asm.obj            122     0         0      
       copy_decompress_lzss.c.obj   104     0         0      
       rand.c.obj                   88      0         4      
       autoinit.c.obj               68      0         0      
       u_divt2.asm.obj              64      0         0      
       boot_cortex_m.c.obj          52      0         0      
       ll_lsl_t2.asm.obj            30      0         0      
       copy_zero_init.c.obj         28      0         0      
       ll_mul_t2.asm.obj            24      0         0      
       copy_decompress_none.c.obj   14      0         0      
       _lock.c.obj                  2       0         8      
       error.c.obj                  4       0         0      
       exit.c.obj                   4       0         0      
       pre_init.c.obj               4       0         0      
       div0.asm.obj                 2       0         0      
    +--+----------------------------+-------+---------+---------+
       Total:                       2356    0         48     
                                                             
       Heap:                        0       0         32768  
       Stack:                       0       0         1024   
       Linker Generated:            0       52        0      
    +--+----------------------------+-------+---------+---------+
       Grand Total:                 16035   844       33849  


LINKER GENERATED COPY TABLES

__TI_cinit_table @ 000041e8 records: 2, size/record: 8, table size: 16
	.data: load addr=000041c0, load size=00000010 bytes, run addr=20008420, run size=0000001c bytes, compression=lzss
	.bss: load addr=000041e0, load size=00000008 bytes, run addr=20008400, run size=00000020 bytes, compression=zero_init


LINKER GENERATED HANDLER TABLE

__TI_handler_table @ 000041d0 records: 3, size/record: 4, table size: 12
	index: 0, handler: __TI_decompress_lzss
	index: 1, handler: __TI_decompress_none
	index: 2, handler: __TI_zero_init


GLOBAL SYMBOLS: SORTED ALPHABETICALLY BY Name 

address   name                          
-------   ----                          
0000317d  BS2POL                        
00004033  BS2POLVEC                     
0000357b  BS2POLVECp                    
00002e57  BS2POLVECq                    
000040a5  C$$EXIT                       
00003a31  ConfigureUART                 
00003e6d  GPIODirModeSet                
000025b9  GPIOPadConfigSet              
00004049  GPIOPinTypeEthernetLED        
00003fcd  GPIOPinTypeGPIOOutput         
0000408b  GPIOPinWrite                  
000036e5  GenMatrix                     
00003bed  GenSecret                     
00003909  InnerProd                     
00000201  KeccakF1600_StatePermute      
00002c91  MatrixVectorMul               
00003e09  POL2MSG                       
0000405f  POLVEC2BS                     
00003407  POLVECp2BS                    
00002d77  POLVECq2BS                    
00002009  PinoutSet                     
00004091  ResetISR                      
00003f35  SABER_pack_4bit               
00003f57  SABER_un_pack4bit             
00003c41  SYSCLK_Init                   
00004097  SysCtlDelay                   
000039d1  UARTStdioConfig               
00003fe7  UARTprintf                    
00002215  UARTvprintf                   
00003c91  UARTwrite                     
20008400  __STACK_END                   
00000400  __STACK_SIZE                  
20008200  __STACK_TOP                   
00008000  __SYSMEM_SIZE                 
000041e8  __TI_CINIT_Base               
000041f8  __TI_CINIT_Limit              
000041d0  __TI_Handler_Table_Base       
000041dc  __TI_Handler_Table_Limit      
00003ce1  __TI_auto_init_nobinit_nopinit
000037cf  __TI_decompress_lzss          
00004075  __TI_decompress_none          
ffffffff  __TI_pprof_out_hndl           
ffffffff  __TI_prof_data_size           
ffffffff  __TI_prof_data_start          
00000000  __TI_static_base__            
00003f95  __TI_zero_init_nomemset       
0000409d  __abort_execution             
0000389f  __aeabi_idiv0                 
0000389f  __aeabi_ldiv0                 
00003f77  __aeabi_llsl                  
0000401b  __aeabi_lmul                  
00003501  __aeabi_memclr                
00003501  __aeabi_memclr4               
00003501  __aeabi_memclr8               
000032d5  __aeabi_memcpy                
000032d5  __aeabi_memcpy4               
000032d5  __aeabi_memcpy8               
00003503  __aeabi_memset                
00003503  __aeabi_memset4               
00003503  __aeabi_memset8               
00003d25  __aeabi_uidiv                 
00003d25  __aeabi_uidivmod              
00003371  __aeabi_uldivmod              
ffffffff  __binit__                     
ffffffff  __c_args__                    
UNDEFED   __mpu_init                    
20008000  __stack                       
0000285d  __vla_alloc                   
0000366d  __vla_dealloc                 
00003da1  _c_int00_noargs               
20008420  _lock                         
000035f3  _nop                          
20000000  _sys_memory                   
UNDEFED   _system_post_cinit            
000040a1  _system_pre_init              
20008424  _unlock                       
000040a5  abort                         
00002ab5  aligned_alloc                 
ffffffff  binit                         
0000375b  cbd                           
00003a8d  charToInt                     
00003eed  cmov                          
000030c9  crypto_kem_dec                
0000396d  crypto_kem_enc                
00003b99  crypto_kem_keypair            
00002ba9  free                          
00000000  g_pfnVectors                  
2000841c  g_ui32SysClock                
00003009  indcpa_kem_dec                
00002405  indcpa_kem_enc                
00002991  indcpa_kem_keypair            
00001d7d  karatsuba_simple              
00001a91  main                          
00004083  malloc                        
00002ab5  memalign                      
000032d5  memcpy                        
00003509  memset                        
000038a1  pol_mul                       
00003dd5  rand                          
00002f31  realloc                       
00003ae9  sha3_256                      
00003b41  sha3_512                      
00003229  shake128                      
00003f11  srand                         
00001669  toom_cook_4way                
00003e3b  verify                        


GLOBAL SYMBOLS: SORTED BY Symbol Address 

address   name                          
-------   ----                          
00000000  __TI_static_base__            
00000000  g_pfnVectors                  
00000201  KeccakF1600_StatePermute      
00000400  __STACK_SIZE                  
00001669  toom_cook_4way                
00001a91  main                          
00001d7d  karatsuba_simple              
00002009  PinoutSet                     
00002215  UARTvprintf                   
00002405  indcpa_kem_enc                
000025b9  GPIOPadConfigSet              
0000285d  __vla_alloc                   
00002991  indcpa_kem_keypair            
00002ab5  aligned_alloc                 
00002ab5  memalign                      
00002ba9  free                          
00002c91  MatrixVectorMul               
00002d77  POLVECq2BS                    
00002e57  BS2POLVECq                    
00002f31  realloc                       
00003009  indcpa_kem_dec                
000030c9  crypto_kem_dec                
0000317d  BS2POL                        
00003229  shake128                      
000032d5  __aeabi_memcpy                
000032d5  __aeabi_memcpy4               
000032d5  __aeabi_memcpy8               
000032d5  memcpy                        
00003371  __aeabi_uldivmod              
00003407  POLVECp2BS                    
00003501  __aeabi_memclr                
00003501  __aeabi_memclr4               
00003501  __aeabi_memclr8               
00003503  __aeabi_memset                
00003503  __aeabi_memset4               
00003503  __aeabi_memset8               
00003509  memset                        
0000357b  BS2POLVECp                    
000035f3  _nop                          
0000366d  __vla_dealloc                 
000036e5  GenMatrix                     
0000375b  cbd                           
000037cf  __TI_decompress_lzss          
0000389f  __aeabi_idiv0                 
0000389f  __aeabi_ldiv0                 
000038a1  pol_mul                       
00003909  InnerProd                     
0000396d  crypto_kem_enc                
000039d1  UARTStdioConfig               
00003a31  ConfigureUART                 
00003a8d  charToInt                     
00003ae9  sha3_256                      
00003b41  sha3_512                      
00003b99  crypto_kem_keypair            
00003bed  GenSecret                     
00003c41  SYSCLK_Init                   
00003c91  UARTwrite                     
00003ce1  __TI_auto_init_nobinit_nopinit
00003d25  __aeabi_uidiv                 
00003d25  __aeabi_uidivmod              
00003da1  _c_int00_noargs               
00003dd5  rand                          
00003e09  POL2MSG                       
00003e3b  verify                        
00003e6d  GPIODirModeSet                
00003eed  cmov                          
00003f11  srand                         
00003f35  SABER_pack_4bit               
00003f57  SABER_un_pack4bit             
00003f77  __aeabi_llsl                  
00003f95  __TI_zero_init_nomemset       
00003fcd  GPIOPinTypeGPIOOutput         
00003fe7  UARTprintf                    
0000401b  __aeabi_lmul                  
00004033  BS2POLVEC                     
00004049  GPIOPinTypeEthernetLED        
0000405f  POLVEC2BS                     
00004075  __TI_decompress_none          
00004083  malloc                        
0000408b  GPIOPinWrite                  
00004091  ResetISR                      
00004097  SysCtlDelay                   
0000409d  __abort_execution             
000040a1  _system_pre_init              
000040a5  C$$EXIT                       
000040a5  abort                         
000041d0  __TI_Handler_Table_Base       
000041dc  __TI_Handler_Table_Limit      
000041e8  __TI_CINIT_Base               
000041f8  __TI_CINIT_Limit              
00008000  __SYSMEM_SIZE                 
20000000  _sys_memory                   
20008000  __stack                       
20008200  __STACK_TOP                   
20008400  __STACK_END                   
2000841c  g_ui32SysClock                
20008420  _lock                         
20008424  _unlock                       
ffffffff  __TI_pprof_out_hndl           
ffffffff  __TI_prof_data_size           
ffffffff  __TI_prof_data_start          
ffffffff  __binit__                     
ffffffff  __c_args__                    
ffffffff  binit                         
UNDEFED   __mpu_init                    
UNDEFED   _system_post_cinit            

[106 symbols]
