<?xml version="1.0" encoding="ISO-8859-1" ?>
<link_info>
   <banner>TI ARM Linker PC v18.12.2.LTS</banner>
   <copyright>Copyright (c) 1996-2018 Texas Instruments Incorporated</copyright>
   <link_time>0x67f699eb</link_time>
   <link_errors>0x0</link_errors>
   <output_file>saber.out</output_file>
   <entry_point>
      <name>_c_int00_noargs</name>
      <address>0x37cd</address>
   </entry_point>
   <input_file_list>
      <input_file id="fl-2">
         <path>.\</path>
         <kind>object</kind>
         <file>SABER_indcpa.obj</file>
         <name>SABER_indcpa.obj</name>
      </input_file>
      <input_file id="fl-3">
         <path>.\</path>
         <kind>object</kind>
         <file>cbd.obj</file>
         <name>cbd.obj</name>
      </input_file>
      <input_file id="fl-4">
         <path>.\</path>
         <kind>object</kind>
         <file>fips202.obj</file>
         <name>fips202.obj</name>
      </input_file>
      <input_file id="fl-5">
         <path>.\</path>
         <kind>object</kind>
         <file>kem.obj</file>
         <name>kem.obj</name>
      </input_file>
      <input_file id="fl-6">
         <path>.\</path>
         <kind>object</kind>
         <file>matrixVectorMultiplication.obj</file>
         <name>matrixVectorMultiplication.obj</name>
      </input_file>
      <input_file id="fl-7">
         <path>.\</path>
         <kind>object</kind>
         <file>pack_unpack.obj</file>
         <name>pack_unpack.obj</name>
      </input_file>
      <input_file id="fl-8">
         <path>.\</path>
         <kind>object</kind>
         <file>poly.obj</file>
         <name>poly.obj</name>
      </input_file>
      <input_file id="fl-9">
         <path>.\</path>
         <kind>object</kind>
         <file>poly_mul.obj</file>
         <name>poly_mul.obj</name>
      </input_file>
      <input_file id="fl-a">
         <path>.\</path>
         <kind>object</kind>
         <file>saber.obj</file>
         <name>saber.obj</name>
      </input_file>
      <input_file id="fl-b">
         <path>.\</path>
         <kind>object</kind>
         <file>startup_ccs.obj</file>
         <name>startup_ccs.obj</name>
      </input_file>
      <input_file id="fl-c">
         <path>.\</path>
         <kind>object</kind>
         <file>verify.obj</file>
         <name>verify.obj</name>
      </input_file>
      <input_file id="fl-d">
         <path>.\drivers\</path>
         <kind>object</kind>
         <file>pinout.obj</file>
         <name>pinout.obj</name>
      </input_file>
      <input_file id="fl-e">
         <path>.\utils\</path>
         <kind>object</kind>
         <file>uartstdio.obj</file>
         <name>uartstdio.obj</name>
      </input_file>
      <input_file id="fl-13">
         <kind>object</kind>
         <file>&lt;internal&gt;</file>
         <name>&lt;internal&gt;</name>
      </input_file>
      <input_file id="fl-14">
         <path>C:\ti\TivaWare_C_Series-2.2.0.295\driverlib\ccs\Debug\</path>
         <kind>archive</kind>
         <file>driverlib.lib</file>
         <name>gpio.obj</name>
      </input_file>
      <input_file id="fl-15">
         <path>C:\ti\TivaWare_C_Series-2.2.0.295\driverlib\ccs\Debug\</path>
         <kind>archive</kind>
         <file>driverlib.lib</file>
         <name>interrupt.obj</name>
      </input_file>
      <input_file id="fl-16">
         <path>C:\ti\TivaWare_C_Series-2.2.0.295\driverlib\ccs\Debug\</path>
         <kind>archive</kind>
         <file>driverlib.lib</file>
         <name>sysctl.obj</name>
      </input_file>
      <input_file id="fl-17">
         <path>C:\ti\TivaWare_C_Series-2.2.0.295\driverlib\ccs\Debug\</path>
         <kind>archive</kind>
         <file>driverlib.lib</file>
         <name>cpu.obj</name>
      </input_file>
      <input_file id="fl-cd">
         <path>C:\Users\nicho\Downloads\ti-cgt-arm_18.12.2.LTS\lib\</path>
         <kind>archive</kind>
         <file>rtsv7M4_T_le_v4SPD16_eabi.lib</file>
         <name>vla_alloc.c.obj</name>
      </input_file>
      <input_file id="fl-ce">
         <path>C:\Users\nicho\Downloads\ti-cgt-arm_18.12.2.LTS\lib\</path>
         <kind>archive</kind>
         <file>rtsv7M4_T_le_v4SPD16_eabi.lib</file>
         <name>ull_div_t2.asm.obj</name>
      </input_file>
      <input_file id="fl-cf">
         <path>C:\Users\nicho\Downloads\ti-cgt-arm_18.12.2.LTS\lib\</path>
         <kind>archive</kind>
         <file>rtsv7M4_T_le_v4SPD16_eabi.lib</file>
         <name>memset_t2.asm.obj</name>
      </input_file>
      <input_file id="fl-d0">
         <path>C:\Users\nicho\Downloads\ti-cgt-arm_18.12.2.LTS\lib\</path>
         <kind>archive</kind>
         <file>rtsv7M4_T_le_v4SPD16_eabi.lib</file>
         <name>ll_lsl_t2.asm.obj</name>
      </input_file>
      <input_file id="fl-d1">
         <path>C:\Users\nicho\Downloads\ti-cgt-arm_18.12.2.LTS\lib\</path>
         <kind>archive</kind>
         <file>rtsv7M4_T_le_v4SPD16_eabi.lib</file>
         <name>ll_mul_t2.asm.obj</name>
      </input_file>
      <input_file id="fl-d2">
         <path>C:\Users\nicho\Downloads\ti-cgt-arm_18.12.2.LTS\lib\</path>
         <kind>archive</kind>
         <file>rtsv7M4_T_le_v4SPD16_eabi.lib</file>
         <name>u_divt2.asm.obj</name>
      </input_file>
      <input_file id="fl-d3">
         <path>C:\Users\nicho\Downloads\ti-cgt-arm_18.12.2.LTS\lib\</path>
         <kind>archive</kind>
         <file>rtsv7M4_T_le_v4SPD16_eabi.lib</file>
         <name>copy_zero_init.c.obj</name>
      </input_file>
      <input_file id="fl-d4">
         <path>C:\Users\nicho\Downloads\ti-cgt-arm_18.12.2.LTS\lib\</path>
         <kind>archive</kind>
         <file>rtsv7M4_T_le_v4SPD16_eabi.lib</file>
         <name>copy_decompress_none.c.obj</name>
      </input_file>
      <input_file id="fl-d5">
         <path>C:\Users\nicho\Downloads\ti-cgt-arm_18.12.2.LTS\lib\</path>
         <kind>archive</kind>
         <file>rtsv7M4_T_le_v4SPD16_eabi.lib</file>
         <name>copy_decompress_lzss.c.obj</name>
      </input_file>
      <input_file id="fl-d6">
         <path>C:\Users\nicho\Downloads\ti-cgt-arm_18.12.2.LTS\lib\</path>
         <kind>archive</kind>
         <file>rtsv7M4_T_le_v4SPD16_eabi.lib</file>
         <name>memory.c.obj</name>
      </input_file>
      <input_file id="fl-d7">
         <path>C:\Users\nicho\Downloads\ti-cgt-arm_18.12.2.LTS\lib\</path>
         <kind>archive</kind>
         <file>rtsv7M4_T_le_v4SPD16_eabi.lib</file>
         <name>rand.c.obj</name>
      </input_file>
      <input_file id="fl-d8">
         <path>C:\Users\nicho\Downloads\ti-cgt-arm_18.12.2.LTS\lib\</path>
         <kind>archive</kind>
         <file>rtsv7M4_T_le_v4SPD16_eabi.lib</file>
         <name>boot_cortex_m.c.obj</name>
      </input_file>
      <input_file id="fl-d9">
         <path>C:\Users\nicho\Downloads\ti-cgt-arm_18.12.2.LTS\lib\</path>
         <kind>archive</kind>
         <file>rtsv7M4_T_le_v4SPD16_eabi.lib</file>
         <name>error.c.obj</name>
      </input_file>
      <input_file id="fl-da">
         <path>C:\Users\nicho\Downloads\ti-cgt-arm_18.12.2.LTS\lib\</path>
         <kind>archive</kind>
         <file>rtsv7M4_T_le_v4SPD16_eabi.lib</file>
         <name>div0.asm.obj</name>
      </input_file>
      <input_file id="fl-db">
         <path>C:\Users\nicho\Downloads\ti-cgt-arm_18.12.2.LTS\lib\</path>
         <kind>archive</kind>
         <file>rtsv7M4_T_le_v4SPD16_eabi.lib</file>
         <name>memcpy_t2.asm.obj</name>
      </input_file>
      <input_file id="fl-dc">
         <path>C:\Users\nicho\Downloads\ti-cgt-arm_18.12.2.LTS\lib\</path>
         <kind>archive</kind>
         <file>rtsv7M4_T_le_v4SPD16_eabi.lib</file>
         <name>autoinit.c.obj</name>
      </input_file>
      <input_file id="fl-dd">
         <path>C:\Users\nicho\Downloads\ti-cgt-arm_18.12.2.LTS\lib\</path>
         <kind>archive</kind>
         <file>rtsv7M4_T_le_v4SPD16_eabi.lib</file>
         <name>pre_init.c.obj</name>
      </input_file>
      <input_file id="fl-de">
         <path>C:\Users\nicho\Downloads\ti-cgt-arm_18.12.2.LTS\lib\</path>
         <kind>archive</kind>
         <file>rtsv7M4_T_le_v4SPD16_eabi.lib</file>
         <name>cpy_tbl.c.obj</name>
      </input_file>
      <input_file id="fl-df">
         <path>C:\Users\nicho\Downloads\ti-cgt-arm_18.12.2.LTS\lib\</path>
         <kind>archive</kind>
         <file>rtsv7M4_T_le_v4SPD16_eabi.lib</file>
         <name>exit.c.obj</name>
      </input_file>
      <input_file id="fl-e0">
         <path>C:\Users\nicho\Downloads\ti-cgt-arm_18.12.2.LTS\lib\</path>
         <kind>archive</kind>
         <file>rtsv7M4_T_le_v4SPD16_eabi.lib</file>
         <name>_lock.c.obj</name>
      </input_file>
      <input_file id="fl-e1">
         <path>C:\Users\nicho\Downloads\ti-cgt-arm_18.12.2.LTS\lib\</path>
         <kind>archive</kind>
         <file>rtsv7M4_T_le_v4SPD16_eabi.lib</file>
         <name>args_main.c.obj</name>
      </input_file>
   </input_file_list>
   <object_component_list>
      <object_component id="oc-10">
         <name>.intvecs</name>
         <load_address>0x0</load_address>
         <run_address>0x0</run_address>
         <size>0x200</size>
         <input_file_ref idref="fl-b"/>
      </object_component>
      <object_component id="oc-2e2">
         <name>.text:KeccakF1600_StatePermute</name>
         <load_address>0x200</load_address>
         <run_address>0x200</run_address>
         <size>0x1466</size>
         <input_file_ref idref="fl-4"/>
      </object_component>
      <object_component id="oc-34">
         <name>.text:FaultISR</name>
         <load_address>0x1666</load_address>
         <run_address>0x1666</run_address>
         <size>0x2</size>
         <input_file_ref idref="fl-b"/>
      </object_component>
      <object_component id="oc-321">
         <name>.text:toom_cook_4way</name>
         <load_address>0x1668</load_address>
         <run_address>0x1668</run_address>
         <size>0x428</size>
         <input_file_ref idref="fl-9"/>
      </object_component>
      <object_component id="oc-361">
         <name>.text:karatsuba_simple</name>
         <load_address>0x1a90</load_address>
         <run_address>0x1a90</run_address>
         <size>0x28c</size>
         <input_file_ref idref="fl-9"/>
      </object_component>
      <object_component id="oc-f0">
         <name>.text:PinoutSet</name>
         <load_address>0x1d1c</load_address>
         <run_address>0x1d1c</run_address>
         <size>0x20c</size>
         <input_file_ref idref="fl-d"/>
      </object_component>
      <object_component id="oc-ea">
         <name>.text:SysCtlClockFreqSet</name>
         <load_address>0x1f28</load_address>
         <run_address>0x1f28</run_address>
         <size>0x200</size>
         <input_file_ref idref="fl-16"/>
      </object_component>
      <object_component id="oc-195">
         <name>.text:UARTvprintf</name>
         <load_address>0x2128</load_address>
         <run_address>0x2128</run_address>
         <size>0x1ee</size>
         <input_file_ref idref="fl-e"/>
      </object_component>
      <object_component id="oc-3a">
         <name>.text:IntDefaultHandler</name>
         <load_address>0x2316</load_address>
         <run_address>0x2316</run_address>
         <size>0x2</size>
         <input_file_ref idref="fl-b"/>
      </object_component>
      <object_component id="oc-180">
         <name>.text:GPIOPadConfigSet</name>
         <load_address>0x2318</load_address>
         <run_address>0x2318</run_address>
         <size>0x16c</size>
         <input_file_ref idref="fl-14"/>
      </object_component>
      <object_component id="oc-25a">
         <name>.text:keccak_absorb</name>
         <load_address>0x2484</load_address>
         <run_address>0x2484</run_address>
         <size>0x136</size>
         <input_file_ref idref="fl-4"/>
      </object_component>
      <object_component id="oc-2e">
         <name>.text:NmiSR</name>
         <load_address>0x25ba</load_address>
         <run_address>0x25ba</run_address>
         <size>0x2</size>
         <input_file_ref idref="fl-b"/>
      </object_component>
      <object_component id="oc-26d">
         <name>.text:__vla_alloc</name>
         <load_address>0x25bc</load_address>
         <run_address>0x25bc</run_address>
         <size>0x134</size>
         <input_file_ref idref="fl-cd"/>
      </object_component>
      <object_component id="oc-b5">
         <name>.text:main</name>
         <load_address>0x26f0</load_address>
         <run_address>0x26f0</run_address>
         <size>0x130</size>
         <input_file_ref idref="fl-a"/>
      </object_component>
      <object_component id="oc-108">
         <name>.text:indcpa_kem_keypair</name>
         <load_address>0x2820</load_address>
         <run_address>0x2820</run_address>
         <size>0x12c</size>
         <input_file_ref idref="fl-2"/>
      </object_component>
      <object_component id="oc-1a2">
         <name>.text:aligned_alloc</name>
         <load_address>0x294c</load_address>
         <run_address>0x294c</run_address>
         <size>0xf4</size>
         <input_file_ref idref="fl-d6"/>
      </object_component>
      <object_component id="oc-10e">
         <name>.text:free</name>
         <load_address>0x2a40</load_address>
         <run_address>0x2a40</run_address>
         <size>0xe8</size>
         <input_file_ref idref="fl-d6"/>
      </object_component>
      <object_component id="oc-1c7">
         <name>.text:MatrixVectorMul</name>
         <load_address>0x2b28</load_address>
         <run_address>0x2b28</run_address>
         <size>0xe6</size>
         <input_file_ref idref="fl-2"/>
      </object_component>
      <object_component id="oc-28f">
         <name>.text:POLVECq2BS</name>
         <load_address>0x2c0e</load_address>
         <run_address>0x2c0e</run_address>
         <size>0xe0</size>
         <input_file_ref idref="fl-7"/>
      </object_component>
      <object_component id="oc-29f">
         <name>.text:_nop</name>
         <load_address>0x2cee</load_address>
         <run_address>0x2cee</run_address>
         <size>0x2</size>
         <input_file_ref idref="fl-e0"/>
      </object_component>
      <object_component id="oc-2ff">
         <name>.text:realloc</name>
         <load_address>0x2cf0</load_address>
         <run_address>0x2cf0</run_address>
         <size>0xd8</size>
         <input_file_ref idref="fl-d6"/>
      </object_component>
      <object_component id="oc-273">
         <name>.text:BS2POL</name>
         <load_address>0x2dc8</load_address>
         <run_address>0x2dc8</run_address>
         <size>0xac</size>
         <input_file_ref idref="fl-7"/>
      </object_component>
      <object_component id="oc-1b5">
         <name>.text:shake128</name>
         <load_address>0x2e74</load_address>
         <run_address>0x2e74</run_address>
         <size>0xac</size>
         <input_file_ref idref="fl-4"/>
      </object_component>
      <object_component id="oc-4e">
         <name>.text</name>
         <load_address>0x2f20</load_address>
         <run_address>0x2f20</run_address>
         <size>0x9c</size>
         <input_file_ref idref="fl-db"/>
      </object_component>
      <object_component id="oc-255">
         <name>.text</name>
         <load_address>0x2fbc</load_address>
         <run_address>0x2fbc</run_address>
         <size>0x96</size>
         <input_file_ref idref="fl-ce"/>
      </object_component>
      <object_component id="oc-2ce">
         <name>.text</name>
         <load_address>0x3052</load_address>
         <run_address>0x3052</run_address>
         <size>0x2</size>
         <input_file_ref idref="fl-da"/>
      </object_component>
      <object_component id="oc-114">
         <name>.text:LEDWrite</name>
         <load_address>0x3054</load_address>
         <run_address>0x3054</run_address>
         <size>0x84</size>
         <input_file_ref idref="fl-d"/>
      </object_component>
      <object_component id="oc-295">
         <name>.text:POLVECp2BS</name>
         <load_address>0x30d8</load_address>
         <run_address>0x30d8</run_address>
         <size>0x7e</size>
         <input_file_ref idref="fl-7"/>
      </object_component>
      <object_component id="oc-245">
         <name>.text:split</name>
         <load_address>0x3158</load_address>
         <run_address>0x3158</run_address>
         <size>0x7c</size>
         <input_file_ref idref="fl-d6"/>
      </object_component>
      <object_component id="oc-a9">
         <name>.text</name>
         <load_address>0x31d4</load_address>
         <run_address>0x31d4</run_address>
         <size>0x7a</size>
         <input_file_ref idref="fl-cf"/>
      </object_component>
      <object_component id="oc-2f9">
         <name>.text:_ZN33_INTERNAL_11_vla_alloc_c_be8bd49b21free_dead_allocationsEPv</name>
         <load_address>0x3250</load_address>
         <run_address>0x3250</run_address>
         <size>0x78</size>
         <input_file_ref idref="fl-cd"/>
      </object_component>
      <object_component id="oc-279">
         <name>.text:__vla_dealloc</name>
         <load_address>0x32c8</load_address>
         <run_address>0x32c8</run_address>
         <size>0x78</size>
         <input_file_ref idref="fl-cd"/>
      </object_component>
      <object_component id="oc-1bb">
         <name>.text:GenMatrix</name>
         <load_address>0x3340</load_address>
         <run_address>0x3340</run_address>
         <size>0x76</size>
         <input_file_ref idref="fl-2"/>
      </object_component>
      <object_component id="oc-280">
         <name>.text:cbd</name>
         <load_address>0x33b6</load_address>
         <run_address>0x33b6</run_address>
         <size>0x74</size>
         <input_file_ref idref="fl-3"/>
      </object_component>
      <object_component id="oc-13">
         <name>.text:decompress:lzss:__TI_decompress_lzss</name>
         <load_address>0x342a</load_address>
         <run_address>0x342a</run_address>
         <size>0x68</size>
         <input_file_ref idref="fl-d5"/>
      </object_component>
      <object_component id="oc-260">
         <name>.text:keccak_squeezeblocks</name>
         <load_address>0x3492</load_address>
         <run_address>0x3492</run_address>
         <size>0x68</size>
         <input_file_ref idref="fl-4"/>
      </object_component>
      <object_component id="oc-288">
         <name>.text:pol_mul</name>
         <load_address>0x34fc</load_address>
         <run_address>0x34fc</run_address>
         <size>0x68</size>
         <input_file_ref idref="fl-9"/>
      </object_component>
      <object_component id="oc-18e">
         <name>.text:UARTStdioConfig</name>
         <load_address>0x3564</load_address>
         <run_address>0x3564</run_address>
         <size>0x60</size>
         <input_file_ref idref="fl-e"/>
      </object_component>
      <object_component id="oc-f6">
         <name>.text:ConfigureUART</name>
         <load_address>0x35c4</load_address>
         <run_address>0x35c4</run_address>
         <size>0x5c</size>
         <input_file_ref idref="fl-a"/>
      </object_component>
      <object_component id="oc-1c1">
         <name>.text:GenSecret</name>
         <load_address>0x3620</load_address>
         <run_address>0x3620</run_address>
         <size>0x52</size>
         <input_file_ref idref="fl-8"/>
      </object_component>
      <object_component id="oc-237">
         <name>.text:UARTwrite</name>
         <load_address>0x3674</load_address>
         <run_address>0x3674</run_address>
         <size>0x50</size>
         <input_file_ref idref="fl-e"/>
      </object_component>
      <object_component id="oc-16f">
         <name>.text:_SysCtlFrequencyGet</name>
         <load_address>0x36c4</load_address>
         <run_address>0x36c4</run_address>
         <size>0x48</size>
         <input_file_ref idref="fl-16"/>
      </object_component>
      <object_component id="oc-130">
         <name>.text:__TI_auto_init_nobinit_nopinit:__TI_auto_init_nobinit_nopinit</name>
         <load_address>0x370c</load_address>
         <run_address>0x370c</run_address>
         <size>0x44</size>
         <input_file_ref idref="fl-dc"/>
      </object_component>
      <object_component id="oc-23d">
         <name>.text</name>
         <load_address>0x3750</load_address>
         <run_address>0x3750</run_address>
         <size>0x40</size>
         <input_file_ref idref="fl-d2"/>
      </object_component>
      <object_component id="oc-317">
         <name>.text:load_littleendian</name>
         <load_address>0x3790</load_address>
         <run_address>0x3790</run_address>
         <size>0x3a</size>
         <input_file_ref idref="fl-3"/>
      </object_component>
      <object_component id="oc-6c">
         <name>.text:_c_int00_noargs:_c_int00_noargs</name>
         <load_address>0x37cc</load_address>
         <run_address>0x37cc</run_address>
         <size>0x34</size>
         <input_file_ref idref="fl-d8"/>
      </object_component>
      <object_component id="oc-1af">
         <name>.text:rand</name>
         <load_address>0x3800</load_address>
         <run_address>0x3800</run_address>
         <size>0x34</size>
         <input_file_ref idref="fl-d7"/>
      </object_component>
      <object_component id="oc-221">
         <name>.text:GPIODirModeSet</name>
         <load_address>0x3834</load_address>
         <run_address>0x3834</run_address>
         <size>0x2c</size>
         <input_file_ref idref="fl-14"/>
      </object_component>
      <object_component id="oc-2dc">
         <name>.text:load64</name>
         <load_address>0x3860</load_address>
         <run_address>0x3860</run_address>
         <size>0x2c</size>
         <input_file_ref idref="fl-4"/>
      </object_component>
      <object_component id="oc-1da">
         <name>.text:free_list_insert</name>
         <load_address>0x388c</load_address>
         <run_address>0x388c</run_address>
         <size>0x28</size>
         <input_file_ref idref="fl-d6"/>
      </object_component>
      <object_component id="oc-1a9">
         <name>.text:srand</name>
         <load_address>0x38b4</load_address>
         <run_address>0x38b4</run_address>
         <size>0x24</size>
         <input_file_ref idref="fl-d7"/>
      </object_component>
      <object_component id="oc-169">
         <name>.text:_SysCtlMemTimingGet</name>
         <load_address>0x38d8</load_address>
         <run_address>0x38d8</run_address>
         <size>0x20</size>
         <input_file_ref idref="fl-16"/>
      </object_component>
      <object_component id="oc-33d">
         <name>.text</name>
         <load_address>0x38f8</load_address>
         <run_address>0x38f8</run_address>
         <size>0x1e</size>
         <input_file_ref idref="fl-d0"/>
      </object_component>
      <object_component id="oc-5a">
         <name>.text:decompress:ZI:__TI_zero_init_nomemset:__TI_zero_init_nomemset</name>
         <load_address>0x3916</load_address>
         <run_address>0x3916</run_address>
         <size>0x1c</size>
         <input_file_ref idref="fl-d3"/>
      </object_component>
      <object_component id="oc-1d4">
         <name>.text:free_list_remove</name>
         <load_address>0x3934</load_address>
         <run_address>0x3934</run_address>
         <size>0x1c</size>
         <input_file_ref idref="fl-d6"/>
      </object_component>
      <object_component id="oc-fc">
         <name>.text:UARTprintf</name>
         <load_address>0x3950</load_address>
         <run_address>0x3950</run_address>
         <size>0x1a</size>
         <input_file_ref idref="fl-e"/>
      </object_component>
      <object_component id="oc-2e9">
         <name>.text:store64</name>
         <load_address>0x396a</load_address>
         <run_address>0x396a</run_address>
         <size>0x1a</size>
         <input_file_ref idref="fl-4"/>
      </object_component>
      <object_component id="oc-266">
         <name>.text</name>
         <load_address>0x3984</load_address>
         <run_address>0x3984</run_address>
         <size>0x18</size>
         <input_file_ref idref="fl-d1"/>
      </object_component>
      <object_component id="oc-186">
         <name>.text:GPIOPinTypeEthernetLED</name>
         <load_address>0x399c</load_address>
         <run_address>0x399c</run_address>
         <size>0x16</size>
         <input_file_ref idref="fl-14"/>
      </object_component>
      <object_component id="oc-1cd">
         <name>.text:POLVEC2BS</name>
         <load_address>0x39b2</load_address>
         <run_address>0x39b2</run_address>
         <size>0x16</size>
         <input_file_ref idref="fl-7"/>
      </object_component>
      <object_component id="oc-19">
         <name>.text:decompress:none:__TI_decompress_none</name>
         <load_address>0x39c8</load_address>
         <run_address>0x39c8</run_address>
         <size>0xe</size>
         <input_file_ref idref="fl-d4"/>
      </object_component>
      <object_component id="oc-102">
         <name>.text:malloc</name>
         <load_address>0x39d6</load_address>
         <run_address>0x39d6</run_address>
         <size>0x8</size>
         <input_file_ref idref="fl-d6"/>
      </object_component>
      <object_component id="oc-28">
         <name>.text:ResetISR</name>
         <load_address>0x39de</load_address>
         <run_address>0x39de</run_address>
         <size>0x6</size>
         <input_file_ref idref="fl-b"/>
      </object_component>
      <object_component id="oc-11a">
         <name>.text:SysCtlDelay</name>
         <load_address>0x39e4</load_address>
         <run_address>0x39e4</run_address>
         <size>0x6</size>
         <input_file_ref idref="fl-16"/>
      </object_component>
      <object_component id="oc-2f3">
         <name>.text:__abort_execution</name>
         <load_address>0x39ea</load_address>
         <run_address>0x39ea</run_address>
         <size>0x4</size>
         <input_file_ref idref="fl-d9"/>
      </object_component>
      <object_component id="oc-af">
         <name>.text:_system_pre_init</name>
         <load_address>0x39ee</load_address>
         <run_address>0x39ee</run_address>
         <size>0x4</size>
         <input_file_ref idref="fl-dd"/>
      </object_component>
      <object_component id="oc-124">
         <name>.text:abort:abort</name>
         <load_address>0x39f2</load_address>
         <run_address>0x39f2</run_address>
         <size>0x4</size>
         <input_file_ref idref="fl-df"/>
      </object_component>
      <object_component id="oc-178">
         <name>.const:g_pppui32XTALtoVCO</name>
         <load_address>0x39f8</load_address>
         <run_address>0x39f8</run_address>
         <size>0x1b0</size>
         <input_file_ref idref="fl-16"/>
      </object_component>
      <object_component id="oc-343">
         <name>.const:KeccakF_RoundConstants</name>
         <load_address>0x3ba8</load_address>
         <run_address>0x3ba8</run_address>
         <size>0xc0</size>
         <input_file_ref idref="fl-4"/>
      </object_component>
      <object_component id="oc-175">
         <name>.const:g_pui32Xtals</name>
         <load_address>0x3c68</load_address>
         <run_address>0x3c68</run_address>
         <size>0x6c</size>
         <input_file_ref idref="fl-16"/>
      </object_component>
      <object_component id="oc-209">
         <name>.const:g_sXTALtoMEMTIM</name>
         <load_address>0x3cd4</load_address>
         <run_address>0x3cd4</run_address>
         <size>0x30</size>
         <input_file_ref idref="fl-16"/>
      </object_component>
      <object_component id="oc-22d">
         <name>.const:g_ui32UARTBase</name>
         <load_address>0x3d04</load_address>
         <run_address>0x3d04</run_address>
         <size>0xc</size>
         <input_file_ref idref="fl-e"/>
      </object_component>
      <object_component id="oc-22a">
         <name>.const:g_ui32UARTPeriph</name>
         <load_address>0x3d10</load_address>
         <run_address>0x3d10</run_address>
         <size>0xc</size>
         <input_file_ref idref="fl-e"/>
      </object_component>
      <object_component id="oc-17b">
         <name>.const:g_pui32VCOFrequencies</name>
         <load_address>0x3d1c</load_address>
         <run_address>0x3d1c</run_address>
         <size>0x8</size>
         <input_file_ref idref="fl-16"/>
      </object_component>
      <object_component id="oc-3a3">
         <name>.cinit..data.load</name>
         <load_address>0x3d28</load_address>
         <run_address>0x3d28</run_address>
         <size>0x10</size>
      </object_component>
      <object_component id="oc-3a1">
         <name>__TI_handler_table</name>
         <load_address>0x3d38</load_address>
         <run_address>0x3d38</run_address>
         <size>0xc</size>
      </object_component>
      <object_component id="oc-3a4">
         <name>.cinit..bss.load</name>
         <load_address>0x3d48</load_address>
         <run_address>0x3d48</run_address>
         <size>0x8</size>
      </object_component>
      <object_component id="oc-3a2">
         <name>__TI_cinit_table</name>
         <load_address>0x3d50</load_address>
         <run_address>0x3d50</run_address>
         <size>0x10</size>
      </object_component>
      <object_component id="oc-230">
         <name>.data</name>
         <load_address>0x20008430</load_address>
         <run_address>0x20008430</run_address>
         <size>0x5</size>
         <input_file_ref idref="fl-e"/>
      </object_component>
      <object_component id="oc-24b">
         <name>.data:$O1$$</name>
         <load_address>0x20008428</load_address>
         <run_address>0x20008428</run_address>
         <size>0x8</size>
         <input_file_ref idref="fl-d6"/>
      </object_component>
      <object_component id="oc-24f">
         <name>.data</name>
         <load_address>0x20008438</load_address>
         <run_address>0x20008438</run_address>
         <size>0x4</size>
         <input_file_ref idref="fl-d7"/>
      </object_component>
      <object_component id="oc-1e0">
         <name>.data:$O1$$</name>
         <load_address>0x20008420</load_address>
         <run_address>0x20008420</run_address>
         <size>0x8</size>
         <input_file_ref idref="fl-e0"/>
      </object_component>
      <object_component id="oc-305">
         <name>.bss:$O1$$</name>
         <uninitialized>true</uninitialized>
         <run_address>0x20008400</run_address>
         <size>0x1c</size>
         <input_file_ref idref="fl-cd"/>
      </object_component>
      <object_component id="oc-11b">
         <name>.common:g_ui32SysClock</name>
         <uninitialized>true</uninitialized>
         <run_address>0x2000841c</run_address>
         <size>0x4</size>
      </object_component>
      <object_component id="oc-22">
         <name>.sysmem</name>
         <uninitialized>true</uninitialized>
         <run_address>0x20000000</run_address>
         <size>0x10</size>
         <input_file_ref idref="fl-d6"/>
      </object_component>
      <object_component id="oc-3a6">
         <name>.sysmem</name>
         <uninitialized>true</uninitialized>
         <run_address>0x20000000</run_address>
         <size>0x0</size>
      </object_component>
      <object_component id="oc-25">
         <name>.stack</name>
         <uninitialized>true</uninitialized>
         <run_address>0x20008000</run_address>
         <size>0x4</size>
         <input_file_ref idref="fl-d8"/>
      </object_component>
      <object_component id="oc-3a5">
         <name>.stack</name>
         <uninitialized>true</uninitialized>
         <run_address>0x20008000</run_address>
         <size>0x0</size>
      </object_component>
      <object_component id="oc-d8">
         <name>.debug_info</name>
         <load_address>0x0</load_address>
         <run_address>0x0</run_address>
         <size>0x612</size>
         <input_file_ref idref="fl-2"/>
      </object_component>
      <object_component id="oc-1bc">
         <name>.debug_info</name>
         <load_address>0x612</load_address>
         <run_address>0x612</run_address>
         <size>0x1aa</size>
         <input_file_ref idref="fl-2"/>
      </object_component>
      <object_component id="oc-1c9">
         <name>.debug_info</name>
         <load_address>0x7bc</load_address>
         <run_address>0x7bc</run_address>
         <size>0x1df</size>
         <input_file_ref idref="fl-2"/>
      </object_component>
      <object_component id="oc-109">
         <name>.debug_info</name>
         <load_address>0x99b</load_address>
         <run_address>0x99b</run_address>
         <size>0x240</size>
         <input_file_ref idref="fl-2"/>
      </object_component>
      <object_component id="oc-164">
         <name>.debug_info</name>
         <load_address>0xbdb</load_address>
         <run_address>0xbdb</run_address>
         <size>0x77</size>
         <input_file_ref idref="fl-2"/>
      </object_component>
      <object_component id="oc-8a">
         <name>.debug_info</name>
         <load_address>0xc52</load_address>
         <run_address>0xc52</run_address>
         <size>0x26b</size>
         <input_file_ref idref="fl-2"/>
      </object_component>
      <object_component id="oc-49">
         <name>.debug_info</name>
         <load_address>0xebd</load_address>
         <run_address>0xebd</run_address>
         <size>0x84</size>
         <input_file_ref idref="fl-2"/>
      </object_component>
      <object_component id="oc-d3">
         <name>.debug_info</name>
         <load_address>0xf41</load_address>
         <run_address>0xf41</run_address>
         <size>0x297</size>
         <input_file_ref idref="fl-2"/>
      </object_component>
      <object_component id="oc-20e">
         <name>.debug_info</name>
         <load_address>0x11d8</load_address>
         <run_address>0x11d8</run_address>
         <size>0xef</size>
         <input_file_ref idref="fl-2"/>
      </object_component>
      <object_component id="oc-8f">
         <name>.debug_info</name>
         <load_address>0x12c7</load_address>
         <run_address>0x12c7</run_address>
         <size>0xbb</size>
         <input_file_ref idref="fl-2"/>
      </object_component>
      <object_component id="oc-e1">
         <name>.debug_info</name>
         <load_address>0x1382</load_address>
         <run_address>0x1382</run_address>
         <size>0x2c</size>
         <input_file_ref idref="fl-2"/>
      </object_component>
      <object_component id="oc-19d">
         <name>.debug_info</name>
         <load_address>0x13ae</load_address>
         <run_address>0x13ae</run_address>
         <size>0x2c</size>
         <input_file_ref idref="fl-2"/>
      </object_component>
      <object_component id="oc-31e">
         <name>.debug_info</name>
         <load_address>0x13da</load_address>
         <run_address>0x13da</run_address>
         <size>0x273</size>
         <input_file_ref idref="fl-3"/>
      </object_component>
      <object_component id="oc-31a">
         <name>.debug_info</name>
         <load_address>0x164d</load_address>
         <run_address>0x164d</run_address>
         <size>0x174</size>
         <input_file_ref idref="fl-3"/>
      </object_component>
      <object_component id="oc-281">
         <name>.debug_info</name>
         <load_address>0x17c1</load_address>
         <run_address>0x17c1</run_address>
         <size>0x13e</size>
         <input_file_ref idref="fl-3"/>
      </object_component>
      <object_component id="oc-26c">
         <name>.debug_info</name>
         <load_address>0x18ff</load_address>
         <run_address>0x18ff</run_address>
         <size>0x2eb</size>
         <input_file_ref idref="fl-4"/>
      </object_component>
      <object_component id="oc-344">
         <name>.debug_info</name>
         <load_address>0x1bea</load_address>
         <run_address>0x1bea</run_address>
         <size>0xec</size>
         <input_file_ref idref="fl-4"/>
      </object_component>
      <object_component id="oc-2e3">
         <name>.debug_info</name>
         <load_address>0x1cd6</load_address>
         <run_address>0x1cd6</run_address>
         <size>0x2ea</size>
         <input_file_ref idref="fl-4"/>
      </object_component>
      <object_component id="oc-2dd">
         <name>.debug_info</name>
         <load_address>0x1fc0</load_address>
         <run_address>0x1fc0</run_address>
         <size>0x13f</size>
         <input_file_ref idref="fl-4"/>
      </object_component>
      <object_component id="oc-25b">
         <name>.debug_info</name>
         <load_address>0x20ff</load_address>
         <run_address>0x20ff</run_address>
         <size>0x1f6</size>
         <input_file_ref idref="fl-4"/>
      </object_component>
      <object_component id="oc-2ea">
         <name>.debug_info</name>
         <load_address>0x22f5</load_address>
         <run_address>0x22f5</run_address>
         <size>0x11f</size>
         <input_file_ref idref="fl-4"/>
      </object_component>
      <object_component id="oc-261">
         <name>.debug_info</name>
         <load_address>0x2414</load_address>
         <run_address>0x2414</run_address>
         <size>0x1bb</size>
         <input_file_ref idref="fl-4"/>
      </object_component>
      <object_component id="oc-1b6">
         <name>.debug_info</name>
         <load_address>0x25cf</load_address>
         <run_address>0x25cf</run_address>
         <size>0x23e</size>
         <input_file_ref idref="fl-4"/>
      </object_component>
      <object_component id="oc-373">
         <name>.debug_info</name>
         <load_address>0x280d</load_address>
         <run_address>0x280d</run_address>
         <size>0x345</size>
         <input_file_ref idref="fl-6"/>
      </object_component>
      <object_component id="oc-36a">
         <name>.debug_info</name>
         <load_address>0x2b52</load_address>
         <run_address>0x2b52</run_address>
         <size>0xcc</size>
         <input_file_ref idref="fl-6"/>
      </object_component>
      <object_component id="oc-29c">
         <name>.debug_info</name>
         <load_address>0x2c1e</load_address>
         <run_address>0x2c1e</run_address>
         <size>0x2ab</size>
         <input_file_ref idref="fl-7"/>
      </object_component>
      <object_component id="oc-290">
         <name>.debug_info</name>
         <load_address>0x2ec9</load_address>
         <run_address>0x2ec9</run_address>
         <size>0x190</size>
         <input_file_ref idref="fl-7"/>
      </object_component>
      <object_component id="oc-296">
         <name>.debug_info</name>
         <load_address>0x3059</load_address>
         <run_address>0x3059</run_address>
         <size>0x190</size>
         <input_file_ref idref="fl-7"/>
      </object_component>
      <object_component id="oc-1ce">
         <name>.debug_info</name>
         <load_address>0x31e9</load_address>
         <run_address>0x31e9</run_address>
         <size>0x185</size>
         <input_file_ref idref="fl-7"/>
      </object_component>
      <object_component id="oc-274">
         <name>.debug_info</name>
         <load_address>0x336e</load_address>
         <run_address>0x336e</run_address>
         <size>0x15c</size>
         <input_file_ref idref="fl-7"/>
      </object_component>
      <object_component id="oc-287">
         <name>.debug_info</name>
         <load_address>0x34ca</load_address>
         <run_address>0x34ca</run_address>
         <size>0x340</size>
         <input_file_ref idref="fl-8"/>
      </object_component>
      <object_component id="oc-1c3">
         <name>.debug_info</name>
         <load_address>0x380a</load_address>
         <run_address>0x380a</run_address>
         <size>0x176</size>
         <input_file_ref idref="fl-8"/>
      </object_component>
      <object_component id="oc-328">
         <name>.debug_info</name>
         <load_address>0x3980</load_address>
         <run_address>0x3980</run_address>
         <size>0x35c</size>
         <input_file_ref idref="fl-9"/>
      </object_component>
      <object_component id="oc-364">
         <name>.debug_info</name>
         <load_address>0x3cdc</load_address>
         <run_address>0x3cdc</run_address>
         <size>0x33c</size>
         <input_file_ref idref="fl-9"/>
      </object_component>
      <object_component id="oc-323">
         <name>.debug_info</name>
         <load_address>0x4018</load_address>
         <run_address>0x4018</run_address>
         <size>0x431</size>
         <input_file_ref idref="fl-9"/>
      </object_component>
      <object_component id="oc-28b">
         <name>.debug_info</name>
         <load_address>0x4449</load_address>
         <run_address>0x4449</run_address>
         <size>0x16c</size>
         <input_file_ref idref="fl-9"/>
      </object_component>
      <object_component id="oc-11c">
         <name>.debug_info</name>
         <load_address>0x45b5</load_address>
         <run_address>0x45b5</run_address>
         <size>0x53e</size>
         <input_file_ref idref="fl-a"/>
      </object_component>
      <object_component id="oc-f8">
         <name>.debug_info</name>
         <load_address>0x4af3</load_address>
         <run_address>0x4af3</run_address>
         <size>0x13e</size>
         <input_file_ref idref="fl-a"/>
      </object_component>
      <object_component id="oc-b9">
         <name>.debug_info</name>
         <load_address>0x4c31</load_address>
         <run_address>0x4c31</run_address>
         <size>0x262</size>
         <input_file_ref idref="fl-a"/>
      </object_component>
      <object_component id="oc-1e7">
         <name>.debug_info</name>
         <load_address>0x4e93</load_address>
         <run_address>0x4e93</run_address>
         <size>0x110</size>
         <input_file_ref idref="fl-a"/>
      </object_component>
      <object_component id="oc-11f">
         <name>.debug_info</name>
         <load_address>0x4fa3</load_address>
         <run_address>0x4fa3</run_address>
         <size>0x8b</size>
         <input_file_ref idref="fl-a"/>
      </object_component>
      <object_component id="oc-42">
         <name>.debug_info</name>
         <load_address>0x502e</load_address>
         <run_address>0x502e</run_address>
         <size>0x29e</size>
         <input_file_ref idref="fl-b"/>
      </object_component>
      <object_component id="oc-11">
         <name>.debug_info</name>
         <load_address>0x52cc</load_address>
         <run_address>0x52cc</run_address>
         <size>0xdd</size>
         <input_file_ref idref="fl-b"/>
      </object_component>
      <object_component id="oc-2c">
         <name>.debug_info</name>
         <load_address>0x53a9</load_address>
         <run_address>0x53a9</run_address>
         <size>0x10d</size>
         <input_file_ref idref="fl-b"/>
      </object_component>
      <object_component id="oc-32">
         <name>.debug_info</name>
         <load_address>0x54b6</load_address>
         <run_address>0x54b6</run_address>
         <size>0xfb</size>
         <input_file_ref idref="fl-b"/>
      </object_component>
      <object_component id="oc-3e">
         <name>.debug_info</name>
         <load_address>0x55b1</load_address>
         <run_address>0x55b1</run_address>
         <size>0x116</size>
         <input_file_ref idref="fl-b"/>
      </object_component>
      <object_component id="oc-38">
         <name>.debug_info</name>
         <load_address>0x56c7</load_address>
         <run_address>0x56c7</run_address>
         <size>0x101</size>
         <input_file_ref idref="fl-b"/>
      </object_component>
      <object_component id="oc-18d">
         <name>.debug_info</name>
         <load_address>0x57c8</load_address>
         <run_address>0x57c8</run_address>
         <size>0x339</size>
         <input_file_ref idref="fl-d"/>
      </object_component>
      <object_component id="oc-f1">
         <name>.debug_info</name>
         <load_address>0x5b01</load_address>
         <run_address>0x5b01</run_address>
         <size>0x369</size>
         <input_file_ref idref="fl-d"/>
      </object_component>
      <object_component id="oc-115">
         <name>.debug_info</name>
         <load_address>0x5e6a</load_address>
         <run_address>0x5e6a</run_address>
         <size>0x269</size>
         <input_file_ref idref="fl-d"/>
      </object_component>
      <object_component id="oc-19c">
         <name>.debug_info</name>
         <load_address>0x60d3</load_address>
         <run_address>0x60d3</run_address>
         <size>0x2ba</size>
         <input_file_ref idref="fl-e"/>
      </object_component>
      <object_component id="oc-234">
         <name>.debug_info</name>
         <load_address>0x638d</load_address>
         <run_address>0x638d</run_address>
         <size>0xfb</size>
         <input_file_ref idref="fl-e"/>
      </object_component>
      <object_component id="oc-22e">
         <name>.debug_info</name>
         <load_address>0x6488</load_address>
         <run_address>0x6488</run_address>
         <size>0x103</size>
         <input_file_ref idref="fl-e"/>
      </object_component>
      <object_component id="oc-22b">
         <name>.debug_info</name>
         <load_address>0x658b</load_address>
         <run_address>0x658b</run_address>
         <size>0x107</size>
         <input_file_ref idref="fl-e"/>
      </object_component>
      <object_component id="oc-238">
         <name>.debug_info</name>
         <load_address>0x6692</load_address>
         <run_address>0x6692</run_address>
         <size>0x1f2</size>
         <input_file_ref idref="fl-e"/>
      </object_component>
      <object_component id="oc-198">
         <name>.debug_info</name>
         <load_address>0x6884</load_address>
         <run_address>0x6884</run_address>
         <size>0x324</size>
         <input_file_ref idref="fl-e"/>
      </object_component>
      <object_component id="oc-fd">
         <name>.debug_info</name>
         <load_address>0x6ba8</load_address>
         <run_address>0x6ba8</run_address>
         <size>0x1bf</size>
         <input_file_ref idref="fl-e"/>
      </object_component>
      <object_component id="oc-231">
         <name>.debug_info</name>
         <load_address>0x6d67</load_address>
         <run_address>0x6d67</run_address>
         <size>0x23d</size>
         <input_file_ref idref="fl-e"/>
      </object_component>
      <object_component id="oc-191">
         <name>.debug_info</name>
         <load_address>0x6fa4</load_address>
         <run_address>0x6fa4</run_address>
         <size>0x255</size>
         <input_file_ref idref="fl-e"/>
      </object_component>
      <object_component id="oc-220">
         <name>.debug_info</name>
         <load_address>0x71f9</load_address>
         <run_address>0x71f9</run_address>
         <size>0x3e4</size>
         <input_file_ref idref="fl-14"/>
      </object_component>
      <object_component id="oc-224">
         <name>.debug_info</name>
         <load_address>0x75dd</load_address>
         <run_address>0x75dd</run_address>
         <size>0x2bc</size>
         <input_file_ref idref="fl-14"/>
      </object_component>
      <object_component id="oc-183">
         <name>.debug_info</name>
         <load_address>0x7899</load_address>
         <run_address>0x7899</run_address>
         <size>0x31f</size>
         <input_file_ref idref="fl-14"/>
      </object_component>
      <object_component id="oc-18a">
         <name>.debug_info</name>
         <load_address>0x7bb8</load_address>
         <run_address>0x7bb8</run_address>
         <size>0x2a9</size>
         <input_file_ref idref="fl-14"/>
      </object_component>
      <object_component id="oc-17f">
         <name>.debug_info</name>
         <load_address>0x7e61</load_address>
         <run_address>0x7e61</run_address>
         <size>0x441</size>
         <input_file_ref idref="fl-16"/>
      </object_component>
      <object_component id="oc-176">
         <name>.debug_info</name>
         <load_address>0x82a2</load_address>
         <run_address>0x82a2</run_address>
         <size>0x156</size>
         <input_file_ref idref="fl-16"/>
      </object_component>
      <object_component id="oc-179">
         <name>.debug_info</name>
         <load_address>0x83f8</load_address>
         <run_address>0x83f8</run_address>
         <size>0x162</size>
         <input_file_ref idref="fl-16"/>
      </object_component>
      <object_component id="oc-20a">
         <name>.debug_info</name>
         <load_address>0x855a</load_address>
         <run_address>0x855a</run_address>
         <size>0x15c</size>
         <input_file_ref idref="fl-16"/>
      </object_component>
      <object_component id="oc-17c">
         <name>.debug_info</name>
         <load_address>0x86b6</load_address>
         <run_address>0x86b6</run_address>
         <size>0x169</size>
         <input_file_ref idref="fl-16"/>
      </object_component>
      <object_component id="oc-16a">
         <name>.debug_info</name>
         <load_address>0x881f</load_address>
         <run_address>0x881f</run_address>
         <size>0x279</size>
         <input_file_ref idref="fl-16"/>
      </object_component>
      <object_component id="oc-170">
         <name>.debug_info</name>
         <load_address>0x8a98</load_address>
         <run_address>0x8a98</run_address>
         <size>0x2c3</size>
         <input_file_ref idref="fl-16"/>
      </object_component>
      <object_component id="oc-eb">
         <name>.debug_info</name>
         <load_address>0x8d5b</load_address>
         <run_address>0x8d5b</run_address>
         <size>0x4a3</size>
         <input_file_ref idref="fl-16"/>
      </object_component>
      <object_component id="oc-21b">
         <name>.debug_info</name>
         <load_address>0x91fe</load_address>
         <run_address>0x91fe</run_address>
         <size>0x51</size>
         <input_file_ref idref="fl-16"/>
      </object_component>
      <object_component id="oc-309">
         <name>.debug_info</name>
         <load_address>0x924f</load_address>
         <run_address>0x924f</run_address>
         <size>0x3da</size>
         <input_file_ref idref="fl-cd"/>
      </object_component>
      <object_component id="oc-306">
         <name>.debug_info</name>
         <load_address>0x9629</load_address>
         <run_address>0x9629</run_address>
         <size>0x113</size>
         <input_file_ref idref="fl-cd"/>
      </object_component>
      <object_component id="oc-27d">
         <name>.debug_info</name>
         <load_address>0x973c</load_address>
         <run_address>0x973c</run_address>
         <size>0x1d1</size>
         <input_file_ref idref="fl-cd"/>
      </object_component>
      <object_component id="oc-2fd">
         <name>.debug_info</name>
         <load_address>0x990d</load_address>
         <run_address>0x990d</run_address>
         <size>0x209</size>
         <input_file_ref idref="fl-cd"/>
      </object_component>
      <object_component id="oc-26f">
         <name>.debug_info</name>
         <load_address>0x9b16</load_address>
         <run_address>0x9b16</run_address>
         <size>0x2d2</size>
         <input_file_ref idref="fl-cd"/>
      </object_component>
      <object_component id="oc-359">
         <name>.debug_info</name>
         <load_address>0x9de8</load_address>
         <run_address>0x9de8</run_address>
         <size>0x2c</size>
         <input_file_ref idref="fl-cd"/>
      </object_component>
      <object_component id="oc-30b">
         <name>.debug_info</name>
         <load_address>0x9e14</load_address>
         <run_address>0x9e14</run_address>
         <size>0x2c</size>
         <input_file_ref idref="fl-cd"/>
      </object_component>
      <object_component id="oc-34f">
         <name>.debug_info</name>
         <load_address>0x9e40</load_address>
         <run_address>0x9e40</run_address>
         <size>0x2c</size>
         <input_file_ref idref="fl-cd"/>
      </object_component>
      <object_component id="oc-310">
         <name>.debug_info</name>
         <load_address>0x9e6c</load_address>
         <run_address>0x9e6c</run_address>
         <size>0x17a</size>
         <input_file_ref idref="fl-cd"/>
      </object_component>
      <object_component id="oc-354">
         <name>.debug_info</name>
         <load_address>0x9fe6</load_address>
         <run_address>0x9fe6</run_address>
         <size>0xca</size>
         <input_file_ref idref="fl-cd"/>
      </object_component>
      <object_component id="oc-256">
         <name>.debug_info</name>
         <load_address>0xa0b0</load_address>
         <run_address>0xa0b0</run_address>
         <size>0x135</size>
         <input_file_ref idref="fl-ce"/>
      </object_component>
      <object_component id="oc-aa">
         <name>.debug_info</name>
         <load_address>0xa1e5</load_address>
         <run_address>0xa1e5</run_address>
         <size>0x148</size>
         <input_file_ref idref="fl-cf"/>
      </object_component>
      <object_component id="oc-33e">
         <name>.debug_info</name>
         <load_address>0xa32d</load_address>
         <run_address>0xa32d</run_address>
         <size>0x123</size>
         <input_file_ref idref="fl-d0"/>
      </object_component>
      <object_component id="oc-267">
         <name>.debug_info</name>
         <load_address>0xa450</load_address>
         <run_address>0xa450</run_address>
         <size>0x123</size>
         <input_file_ref idref="fl-d1"/>
      </object_component>
      <object_component id="oc-240">
         <name>.debug_info</name>
         <load_address>0xa573</load_address>
         <run_address>0xa573</run_address>
         <size>0x143</size>
         <input_file_ref idref="fl-d2"/>
      </object_component>
      <object_component id="oc-a8">
         <name>.debug_info</name>
         <load_address>0xa6b6</load_address>
         <run_address>0xa6b6</run_address>
         <size>0x2d5</size>
         <input_file_ref idref="fl-d3"/>
      </object_component>
      <object_component id="oc-5c">
         <name>.debug_info</name>
         <load_address>0xa98b</load_address>
         <run_address>0xa98b</run_address>
         <size>0x1d3</size>
         <input_file_ref idref="fl-d3"/>
      </object_component>
      <object_component id="oc-a3">
         <name>.debug_info</name>
         <load_address>0xab5e</load_address>
         <run_address>0xab5e</run_address>
         <size>0x46</size>
         <input_file_ref idref="fl-d3"/>
      </object_component>
      <object_component id="oc-59">
         <name>.debug_info</name>
         <load_address>0xaba4</load_address>
         <run_address>0xaba4</run_address>
         <size>0x2a9</size>
         <input_file_ref idref="fl-d4"/>
      </object_component>
      <object_component id="oc-1b">
         <name>.debug_info</name>
         <load_address>0xae4d</load_address>
         <run_address>0xae4d</run_address>
         <size>0x1eb</size>
         <input_file_ref idref="fl-d4"/>
      </object_component>
      <object_component id="oc-54">
         <name>.debug_info</name>
         <load_address>0xb038</load_address>
         <run_address>0xb038</run_address>
         <size>0x46</size>
         <input_file_ref idref="fl-d4"/>
      </object_component>
      <object_component id="oc-9b">
         <name>.debug_info</name>
         <load_address>0xb07e</load_address>
         <run_address>0xb07e</run_address>
         <size>0x2c</size>
         <input_file_ref idref="fl-d4"/>
      </object_component>
      <object_component id="oc-99">
         <name>.debug_info</name>
         <load_address>0xb0aa</load_address>
         <run_address>0xb0aa</run_address>
         <size>0x29f</size>
         <input_file_ref idref="fl-d5"/>
      </object_component>
      <object_component id="oc-15">
         <name>.debug_info</name>
         <load_address>0xb349</load_address>
         <run_address>0xb349</run_address>
         <size>0x251</size>
         <input_file_ref idref="fl-d5"/>
      </object_component>
      <object_component id="oc-44">
         <name>.debug_info</name>
         <load_address>0xb59a</load_address>
         <run_address>0xb59a</run_address>
         <size>0x60</size>
         <input_file_ref idref="fl-d5"/>
      </object_component>
      <object_component id="oc-da">
         <name>.debug_info</name>
         <load_address>0xb5fa</load_address>
         <run_address>0xb5fa</run_address>
         <size>0x46</size>
         <input_file_ref idref="fl-d5"/>
      </object_component>
      <object_component id="oc-94">
         <name>.debug_info</name>
         <load_address>0xb640</load_address>
         <run_address>0xb640</run_address>
         <size>0x39</size>
         <input_file_ref idref="fl-d5"/>
      </object_component>
      <object_component id="oc-80">
         <name>.debug_info</name>
         <load_address>0xb679</load_address>
         <run_address>0xb679</run_address>
         <size>0x3b3</size>
         <input_file_ref idref="fl-d6"/>
      </object_component>
      <object_component id="oc-23">
         <name>.debug_info</name>
         <load_address>0xba2c</load_address>
         <run_address>0xba2c</run_address>
         <size>0x10d</size>
         <input_file_ref idref="fl-d6"/>
      </object_component>
      <object_component id="oc-24c">
         <name>.debug_info</name>
         <load_address>0xbb39</load_address>
         <run_address>0xbb39</run_address>
         <size>0x140</size>
         <input_file_ref idref="fl-d6"/>
      </object_component>
      <object_component id="oc-104">
         <name>.debug_info</name>
         <load_address>0xbc79</load_address>
         <run_address>0xbc79</run_address>
         <size>0x169</size>
         <input_file_ref idref="fl-d6"/>
      </object_component>
      <object_component id="oc-1d6">
         <name>.debug_info</name>
         <load_address>0xbde2</load_address>
         <run_address>0xbde2</run_address>
         <size>0x18f</size>
         <input_file_ref idref="fl-d6"/>
      </object_component>
      <object_component id="oc-1db">
         <name>.debug_info</name>
         <load_address>0xbf71</load_address>
         <run_address>0xbf71</run_address>
         <size>0x1a0</size>
         <input_file_ref idref="fl-d6"/>
      </object_component>
      <object_component id="oc-10f">
         <name>.debug_info</name>
         <load_address>0xc111</load_address>
         <run_address>0xc111</run_address>
         <size>0x204</size>
         <input_file_ref idref="fl-d6"/>
      </object_component>
      <object_component id="oc-247">
         <name>.debug_info</name>
         <load_address>0xc315</load_address>
         <run_address>0xc315</run_address>
         <size>0x1dc</size>
         <input_file_ref idref="fl-d6"/>
      </object_component>
      <object_component id="oc-301">
         <name>.debug_info</name>
         <load_address>0xc4f1</load_address>
         <run_address>0xc4f1</run_address>
         <size>0x26f</size>
         <input_file_ref idref="fl-d6"/>
      </object_component>
      <object_component id="oc-1a3">
         <name>.debug_info</name>
         <load_address>0xc760</load_address>
         <run_address>0xc760</run_address>
         <size>0x29a</size>
         <input_file_ref idref="fl-d6"/>
      </object_component>
      <object_component id="oc-ce">
         <name>.debug_info</name>
         <load_address>0xc9fa</load_address>
         <run_address>0xc9fa</run_address>
         <size>0xb2</size>
         <input_file_ref idref="fl-d6"/>
      </object_component>
      <object_component id="oc-c9">
         <name>.debug_info</name>
         <load_address>0xcaac</load_address>
         <run_address>0xcaac</run_address>
         <size>0x2c</size>
         <input_file_ref idref="fl-d6"/>
      </object_component>
      <object_component id="oc-253">
         <name>.debug_info</name>
         <load_address>0xcad8</load_address>
         <run_address>0xcad8</run_address>
         <size>0x2bb</size>
         <input_file_ref idref="fl-d7"/>
      </object_component>
      <object_component id="oc-250">
         <name>.debug_info</name>
         <load_address>0xcd93</load_address>
         <run_address>0xcd93</run_address>
         <size>0xfc</size>
         <input_file_ref idref="fl-d7"/>
      </object_component>
      <object_component id="oc-1aa">
         <name>.debug_info</name>
         <load_address>0xce8f</load_address>
         <run_address>0xce8f</run_address>
         <size>0x15e</size>
         <input_file_ref idref="fl-d7"/>
      </object_component>
      <object_component id="oc-1b0">
         <name>.debug_info</name>
         <load_address>0xcfed</load_address>
         <run_address>0xcfed</run_address>
         <size>0x13e</size>
         <input_file_ref idref="fl-d7"/>
      </object_component>
      <object_component id="oc-26">
         <name>.debug_info</name>
         <load_address>0xd12b</load_address>
         <run_address>0xd12b</run_address>
         <size>0x10c</size>
         <input_file_ref idref="fl-d8"/>
      </object_component>
      <object_component id="oc-70">
         <name>.debug_info</name>
         <load_address>0xd237</load_address>
         <run_address>0xd237</run_address>
         <size>0x1aa</size>
         <input_file_ref idref="fl-d8"/>
      </object_component>
      <object_component id="oc-2f6">
         <name>.debug_info</name>
         <load_address>0xd3e1</load_address>
         <run_address>0xd3e1</run_address>
         <size>0x169</size>
         <input_file_ref idref="fl-d9"/>
      </object_component>
      <object_component id="oc-2d0">
         <name>.debug_info</name>
         <load_address>0xd54a</load_address>
         <run_address>0xd54a</run_address>
         <size>0x116</size>
         <input_file_ref idref="fl-da"/>
      </object_component>
      <object_component id="oc-4f">
         <name>.debug_info</name>
         <load_address>0xd660</load_address>
         <run_address>0xd660</run_address>
         <size>0x11a</size>
         <input_file_ref idref="fl-db"/>
      </object_component>
      <object_component id="oc-1f4">
         <name>.debug_info</name>
         <load_address>0xd77a</load_address>
         <run_address>0xd77a</run_address>
         <size>0x4b4</size>
         <input_file_ref idref="fl-dc"/>
      </object_component>
      <object_component id="oc-131">
         <name>.debug_info</name>
         <load_address>0xdc2e</load_address>
         <run_address>0xdc2e</run_address>
         <size>0x1a7</size>
         <input_file_ref idref="fl-dc"/>
      </object_component>
      <object_component id="oc-2af">
         <name>.debug_info</name>
         <load_address>0xddd5</load_address>
         <run_address>0xddd5</run_address>
         <size>0x39</size>
         <input_file_ref idref="fl-dc"/>
      </object_component>
      <object_component id="oc-330">
         <name>.debug_info</name>
         <load_address>0xde0e</load_address>
         <run_address>0xde0e</run_address>
         <size>0x39</size>
         <input_file_ref idref="fl-dc"/>
      </object_component>
      <object_component id="oc-2b4">
         <name>.debug_info</name>
         <load_address>0xde47</load_address>
         <run_address>0xde47</run_address>
         <size>0x39</size>
         <input_file_ref idref="fl-dc"/>
      </object_component>
      <object_component id="oc-2b9">
         <name>.debug_info</name>
         <load_address>0xde80</load_address>
         <run_address>0xde80</run_address>
         <size>0xcd</size>
         <input_file_ref idref="fl-dc"/>
      </object_component>
      <object_component id="oc-b0">
         <name>.debug_info</name>
         <load_address>0xdf4d</load_address>
         <run_address>0xdf4d</run_address>
         <size>0x154</size>
         <input_file_ref idref="fl-dd"/>
      </object_component>
      <object_component id="oc-125">
         <name>.debug_info</name>
         <load_address>0xe0a1</load_address>
         <run_address>0xe0a1</run_address>
         <size>0x123</size>
         <input_file_ref idref="fl-df"/>
      </object_component>
      <object_component id="oc-2a7">
         <name>.debug_info</name>
         <load_address>0xe1c4</load_address>
         <run_address>0xe1c4</run_address>
         <size>0x2ca</size>
         <input_file_ref idref="fl-e0"/>
      </object_component>
      <object_component id="oc-1e1">
         <name>.debug_info</name>
         <load_address>0xe48e</load_address>
         <run_address>0xe48e</run_address>
         <size>0x11f</size>
         <input_file_ref idref="fl-e0"/>
      </object_component>
      <object_component id="oc-2a1">
         <name>.debug_info</name>
         <load_address>0xe5ad</load_address>
         <run_address>0xe5ad</run_address>
         <size>0x12f</size>
         <input_file_ref idref="fl-e0"/>
      </object_component>
      <object_component id="oc-3a7">
         <name>.debug_info</name>
         <load_address>0xe6dc</load_address>
         <run_address>0xe6dc</run_address>
         <size>0x9d</size>
      </object_component>
      <object_component id="oc-163">
         <name>.debug_line</name>
         <load_address>0x0</load_address>
         <run_address>0x0</run_address>
         <size>0xbb</size>
         <input_file_ref idref="fl-2"/>
      </object_component>
      <object_component id="oc-1bf">
         <name>.debug_line</name>
         <load_address>0xbb</load_address>
         <run_address>0xbb</run_address>
         <size>0x6a</size>
         <input_file_ref idref="fl-2"/>
      </object_component>
      <object_component id="oc-1c8">
         <name>.debug_line</name>
         <load_address>0x125</load_address>
         <run_address>0x125</run_address>
         <size>0xa6</size>
         <input_file_ref idref="fl-2"/>
      </object_component>
      <object_component id="oc-10c">
         <name>.debug_line</name>
         <load_address>0x1cb</load_address>
         <run_address>0x1cb</run_address>
         <size>0xbc</size>
         <input_file_ref idref="fl-2"/>
      </object_component>
      <object_component id="oc-167">
         <name>.debug_line</name>
         <load_address>0x287</load_address>
         <run_address>0x287</run_address>
         <size>0x2d</size>
         <input_file_ref idref="fl-2"/>
      </object_component>
      <object_component id="oc-8d">
         <name>.debug_line</name>
         <load_address>0x2b4</load_address>
         <run_address>0x2b4</run_address>
         <size>0x68</size>
         <input_file_ref idref="fl-2"/>
      </object_component>
      <object_component id="oc-4c">
         <name>.debug_line</name>
         <load_address>0x31c</load_address>
         <run_address>0x31c</run_address>
         <size>0x20</size>
         <input_file_ref idref="fl-2"/>
      </object_component>
      <object_component id="oc-d6">
         <name>.debug_line</name>
         <load_address>0x33c</load_address>
         <run_address>0x33c</run_address>
         <size>0x6c</size>
         <input_file_ref idref="fl-2"/>
      </object_component>
      <object_component id="oc-211">
         <name>.debug_line</name>
         <load_address>0x3a8</load_address>
         <run_address>0x3a8</run_address>
         <size>0x68</size>
         <input_file_ref idref="fl-2"/>
      </object_component>
      <object_component id="oc-92">
         <name>.debug_line</name>
         <load_address>0x410</load_address>
         <run_address>0x410</run_address>
         <size>0x69</size>
         <input_file_ref idref="fl-2"/>
      </object_component>
      <object_component id="oc-e4">
         <name>.debug_line</name>
         <load_address>0x479</load_address>
         <run_address>0x479</run_address>
         <size>0x64</size>
         <input_file_ref idref="fl-2"/>
      </object_component>
      <object_component id="oc-1a0">
         <name>.debug_line</name>
         <load_address>0x4dd</load_address>
         <run_address>0x4dd</run_address>
         <size>0x64</size>
         <input_file_ref idref="fl-2"/>
      </object_component>
      <object_component id="oc-360">
         <name>.debug_line</name>
         <load_address>0x541</load_address>
         <run_address>0x541</run_address>
         <size>0x20</size>
         <input_file_ref idref="fl-3"/>
      </object_component>
      <object_component id="oc-318">
         <name>.debug_line</name>
         <load_address>0x561</load_address>
         <run_address>0x561</run_address>
         <size>0x5c</size>
         <input_file_ref idref="fl-3"/>
      </object_component>
      <object_component id="oc-284">
         <name>.debug_line</name>
         <load_address>0x5bd</load_address>
         <run_address>0x5bd</run_address>
         <size>0x88</size>
         <input_file_ref idref="fl-3"/>
      </object_component>
      <object_component id="oc-2f2">
         <name>.debug_line</name>
         <load_address>0x645</load_address>
         <run_address>0x645</run_address>
         <size>0x20</size>
         <input_file_ref idref="fl-4"/>
      </object_component>
      <object_component id="oc-371">
         <name>.debug_line</name>
         <load_address>0x665</load_address>
         <run_address>0x665</run_address>
         <size>0x30</size>
         <input_file_ref idref="fl-4"/>
      </object_component>
      <object_component id="oc-2e7">
         <name>.debug_line</name>
         <load_address>0x695</load_address>
         <run_address>0x695</run_address>
         <size>0xe0d</size>
         <input_file_ref idref="fl-4"/>
      </object_component>
      <object_component id="oc-2e1">
         <name>.debug_line</name>
         <load_address>0x14a2</load_address>
         <run_address>0x14a2</run_address>
         <size>0x5a</size>
         <input_file_ref idref="fl-4"/>
      </object_component>
      <object_component id="oc-25e">
         <name>.debug_line</name>
         <load_address>0x14fc</load_address>
         <run_address>0x14fc</run_address>
         <size>0xc1</size>
         <input_file_ref idref="fl-4"/>
      </object_component>
      <object_component id="oc-2ed">
         <name>.debug_line</name>
         <load_address>0x15bd</load_address>
         <run_address>0x15bd</run_address>
         <size>0x4f</size>
         <input_file_ref idref="fl-4"/>
      </object_component>
      <object_component id="oc-264">
         <name>.debug_line</name>
         <load_address>0x160c</load_address>
         <run_address>0x160c</run_address>
         <size>0x5d</size>
         <input_file_ref idref="fl-4"/>
      </object_component>
      <object_component id="oc-1b9">
         <name>.debug_line</name>
         <load_address>0x1669</load_address>
         <run_address>0x1669</run_address>
         <size>0x6c</size>
         <input_file_ref idref="fl-4"/>
      </object_component>
      <object_component id="oc-375">
         <name>.debug_line</name>
         <load_address>0x16d5</load_address>
         <run_address>0x16d5</run_address>
         <size>0x20</size>
         <input_file_ref idref="fl-6"/>
      </object_component>
      <object_component id="oc-36d">
         <name>.debug_line</name>
         <load_address>0x16f5</load_address>
         <run_address>0x16f5</run_address>
         <size>0x63</size>
         <input_file_ref idref="fl-6"/>
      </object_component>
      <object_component id="oc-32c">
         <name>.debug_line</name>
         <load_address>0x1758</load_address>
         <run_address>0x1758</run_address>
         <size>0x20</size>
         <input_file_ref idref="fl-7"/>
      </object_component>
      <object_component id="oc-293">
         <name>.debug_line</name>
         <load_address>0x1778</load_address>
         <run_address>0x1778</run_address>
         <size>0x88</size>
         <input_file_ref idref="fl-7"/>
      </object_component>
      <object_component id="oc-29a">
         <name>.debug_line</name>
         <load_address>0x1800</load_address>
         <run_address>0x1800</run_address>
         <size>0x6a</size>
         <input_file_ref idref="fl-7"/>
      </object_component>
      <object_component id="oc-1d1">
         <name>.debug_line</name>
         <load_address>0x186a</load_address>
         <run_address>0x186a</run_address>
         <size>0x50</size>
         <input_file_ref idref="fl-7"/>
      </object_component>
      <object_component id="oc-278">
         <name>.debug_line</name>
         <load_address>0x18ba</load_address>
         <run_address>0x18ba</run_address>
         <size>0x62</size>
         <input_file_ref idref="fl-7"/>
      </object_component>
      <object_component id="oc-320">
         <name>.debug_line</name>
         <load_address>0x191c</load_address>
         <run_address>0x191c</run_address>
         <size>0x3c</size>
         <input_file_ref idref="fl-8"/>
      </object_component>
      <object_component id="oc-1c6">
         <name>.debug_line</name>
         <load_address>0x1958</load_address>
         <run_address>0x1958</run_address>
         <size>0x4b</size>
         <input_file_ref idref="fl-8"/>
      </object_component>
      <object_component id="oc-369">
         <name>.debug_line</name>
         <load_address>0x19a3</load_address>
         <run_address>0x19a3</run_address>
         <size>0x64</size>
         <input_file_ref idref="fl-9"/>
      </object_component>
      <object_component id="oc-363">
         <name>.debug_line</name>
         <load_address>0x1a07</load_address>
         <run_address>0x1a07</run_address>
         <size>0x128</size>
         <input_file_ref idref="fl-9"/>
      </object_component>
      <object_component id="oc-326">
         <name>.debug_line</name>
         <load_address>0x1b2f</load_address>
         <run_address>0x1b2f</run_address>
         <size>0x1a5</size>
         <input_file_ref idref="fl-9"/>
      </object_component>
      <object_component id="oc-28a">
         <name>.debug_line</name>
         <load_address>0x1cd4</load_address>
         <run_address>0x1cd4</run_address>
         <size>0x69</size>
         <input_file_ref idref="fl-9"/>
      </object_component>
      <object_component id="oc-1e6">
         <name>.debug_line</name>
         <load_address>0x1d3d</load_address>
         <run_address>0x1d3d</run_address>
         <size>0x14a</size>
         <input_file_ref idref="fl-a"/>
      </object_component>
      <object_component id="oc-fb">
         <name>.debug_line</name>
         <load_address>0x1e87</load_address>
         <run_address>0x1e87</run_address>
         <size>0x48</size>
         <input_file_ref idref="fl-a"/>
      </object_component>
      <object_component id="oc-b6">
         <name>.debug_line</name>
         <load_address>0x1ecf</load_address>
         <run_address>0x1ecf</run_address>
         <size>0x9c</size>
         <input_file_ref idref="fl-a"/>
      </object_component>
      <object_component id="oc-1ea">
         <name>.debug_line</name>
         <load_address>0x1f6b</load_address>
         <run_address>0x1f6b</run_address>
         <size>0x64</size>
         <input_file_ref idref="fl-a"/>
      </object_component>
      <object_component id="oc-122">
         <name>.debug_line</name>
         <load_address>0x1fcf</load_address>
         <run_address>0x1fcf</run_address>
         <size>0x20</size>
         <input_file_ref idref="fl-a"/>
      </object_component>
      <object_component id="oc-89">
         <name>.debug_line</name>
         <load_address>0x1fef</load_address>
         <run_address>0x1fef</run_address>
         <size>0x34</size>
         <input_file_ref idref="fl-b"/>
      </object_component>
      <object_component id="oc-41">
         <name>.debug_line</name>
         <load_address>0x2023</load_address>
         <run_address>0x2023</run_address>
         <size>0x34</size>
         <input_file_ref idref="fl-b"/>
      </object_component>
      <object_component id="oc-2a">
         <name>.debug_line</name>
         <load_address>0x2057</load_address>
         <run_address>0x2057</run_address>
         <size>0x46</size>
         <input_file_ref idref="fl-b"/>
      </object_component>
      <object_component id="oc-31">
         <name>.debug_line</name>
         <load_address>0x209d</load_address>
         <run_address>0x209d</run_address>
         <size>0x49</size>
         <input_file_ref idref="fl-b"/>
      </object_component>
      <object_component id="oc-3d">
         <name>.debug_line</name>
         <load_address>0x20e6</load_address>
         <run_address>0x20e6</run_address>
         <size>0x49</size>
         <input_file_ref idref="fl-b"/>
      </object_component>
      <object_component id="oc-37">
         <name>.debug_line</name>
         <load_address>0x212f</load_address>
         <run_address>0x212f</run_address>
         <size>0x49</size>
         <input_file_ref idref="fl-b"/>
      </object_component>
      <object_component id="oc-229">
         <name>.debug_line</name>
         <load_address>0x2178</load_address>
         <run_address>0x2178</run_address>
         <size>0x56</size>
         <input_file_ref idref="fl-d"/>
      </object_component>
      <object_component id="oc-f4">
         <name>.debug_line</name>
         <load_address>0x21ce</load_address>
         <run_address>0x21ce</run_address>
         <size>0xe6</size>
         <input_file_ref idref="fl-d"/>
      </object_component>
      <object_component id="oc-118">
         <name>.debug_line</name>
         <load_address>0x22b4</load_address>
         <run_address>0x22b4</run_address>
         <size>0xc7</size>
         <input_file_ref idref="fl-d"/>
      </object_component>
      <object_component id="oc-244">
         <name>.debug_line</name>
         <load_address>0x237b</load_address>
         <run_address>0x237b</run_address>
         <size>0x20</size>
         <input_file_ref idref="fl-e"/>
      </object_component>
      <object_component id="oc-2cc">
         <name>.debug_line</name>
         <load_address>0x239b</load_address>
         <run_address>0x239b</run_address>
         <size>0x57</size>
         <input_file_ref idref="fl-e"/>
      </object_component>
      <object_component id="oc-2c8">
         <name>.debug_line</name>
         <load_address>0x23f2</load_address>
         <run_address>0x23f2</run_address>
         <size>0x57</size>
         <input_file_ref idref="fl-e"/>
      </object_component>
      <object_component id="oc-2c6">
         <name>.debug_line</name>
         <load_address>0x2449</load_address>
         <run_address>0x2449</run_address>
         <size>0x57</size>
         <input_file_ref idref="fl-e"/>
      </object_component>
      <object_component id="oc-23c">
         <name>.debug_line</name>
         <load_address>0x24a0</load_address>
         <run_address>0x24a0</run_address>
         <size>0x96</size>
         <input_file_ref idref="fl-e"/>
      </object_component>
      <object_component id="oc-197">
         <name>.debug_line</name>
         <load_address>0x2536</load_address>
         <run_address>0x2536</run_address>
         <size>0x186</size>
         <input_file_ref idref="fl-e"/>
      </object_component>
      <object_component id="oc-101">
         <name>.debug_line</name>
         <load_address>0x26bc</load_address>
         <run_address>0x26bc</run_address>
         <size>0x6e</size>
         <input_file_ref idref="fl-e"/>
      </object_component>
      <object_component id="oc-2ca">
         <name>.debug_line</name>
         <load_address>0x272a</load_address>
         <run_address>0x272a</run_address>
         <size>0xb2</size>
         <input_file_ref idref="fl-e"/>
      </object_component>
      <object_component id="oc-18f">
         <name>.debug_line</name>
         <load_address>0x27dc</load_address>
         <run_address>0x27dc</run_address>
         <size>0x78</size>
         <input_file_ref idref="fl-e"/>
      </object_component>
      <object_component id="oc-2c3">
         <name>.debug_line</name>
         <load_address>0x2854</load_address>
         <run_address>0x2854</run_address>
         <size>0x82</size>
         <input_file_ref idref="fl-14"/>
      </object_component>
[...]
            <object_component_ref idref="oc-20f"/>
            <object_component_ref idref="oc-90"/>
            <object_component_ref idref="oc-e2"/>
            <object_component_ref idref="oc-19e"/>
            <object_component_ref idref="oc-36b"/>
            <object_component_ref idref="oc-1e8"/>
            <object_component_ref idref="oc-120"/>
            <object_component_ref idref="oc-30a"/>
            <object_component_ref idref="oc-35a"/>
            <object_component_ref idref="oc-30c"/>
            <object_component_ref idref="oc-350"/>
            <object_component_ref idref="oc-311"/>
            <object_component_ref idref="oc-355"/>
            <object_component_ref idref="oc-a4"/>
            <object_component_ref idref="oc-55"/>
            <object_component_ref idref="oc-9c"/>
            <object_component_ref idref="oc-45"/>
            <object_component_ref idref="oc-db"/>
            <object_component_ref idref="oc-95"/>
            <object_component_ref idref="oc-81"/>
            <object_component_ref idref="oc-cf"/>
            <object_component_ref idref="oc-ca"/>
            <object_component_ref idref="oc-2b0"/>
            <object_component_ref idref="oc-331"/>
            <object_component_ref idref="oc-2b5"/>
            <object_component_ref idref="oc-2ba"/>
            <object_component_ref idref="oc-2a8"/>
         </contents>
      </logical_group>
      <logical_group id="lg-397" display="no" color="cyan">
         <name>.binit</name>
         <load_address>0x0</load_address>
         <run_address>0x0</run_address>
         <size>0x0</size>
         <contents>
            <object_component_ref idref="oc-378"/>
         </contents>
      </logical_group>
      <load_segment id="lg-3b0" display="no" color="cyan">
         <name>SEGMENT_0</name>
         <load_address>0x0</load_address>
         <run_address>0x0</run_address>
         <size>0x3d60</size>
         <flags>0x5</flags>
         <contents>
            <logical_group_ref idref="lg-3"/>
            <logical_group_ref idref="lg-4"/>
            <logical_group_ref idref="lg-5"/>
            <logical_group_ref idref="lg-6"/>
         </contents>
      </load_segment>
      <load_segment id="lg-3b1" display="no" color="cyan">
         <name>SEGMENT_1</name>
         <run_address>0x20000000</run_address>
         <size>0x843c</size>
         <flags>0x6</flags>
         <contents>
            <logical_group_ref idref="lg-c"/>
            <logical_group_ref idref="lg-d"/>
            <logical_group_ref idref="lg-b"/>
            <logical_group_ref idref="lg-a"/>
         </contents>
      </load_segment>
   </logical_group_list>
   <placement_map>
      <memory_area display="yes" color="green">
         <name>FLASH</name>
         <page_id>0x0</page_id>
         <origin>0x0</origin>
         <length>0x100000</length>
         <used_space>0x3d5a</used_space>
         <unused_space>0xfc2a6</unused_space>
         <attributes>RX</attributes>
         <usage_details>
            <allocated_space>
               <start_address>0x0</start_address>
               <size>0x0</size>
               <logical_group_ref idref="lg-397"/>
            </allocated_space>
            <allocated_space>
               <start_address>0x0</start_address>
               <size>0x200</size>
               <logical_group_ref idref="lg-3"/>
            </allocated_space>
            <allocated_space>
               <start_address>0x200</start_address>
               <size>0x37f6</size>
               <logical_group_ref idref="lg-4"/>
            </allocated_space>
            <available_space>
               <start_address>0x39f6</start_address>
               <size>0x2</size>
            </available_space>
            <allocated_space>
               <start_address>0x39f8</start_address>
               <size>0x32c</size>
               <logical_group_ref idref="lg-5"/>
            </allocated_space>
            <available_space>
               <start_address>0x3d24</start_address>
               <size>0x4</size>
            </available_space>
            <allocated_space>
               <start_address>0x3d28</start_address>
               <size>0x38</size>
               <logical_group_ref idref="lg-6"/>
            </allocated_space>
            <available_space>
               <start_address>0x3d60</start_address>
               <size>0xfc2a0</size>
            </available_space>
         </usage_details>
      </memory_area>
      <memory_area display="yes" color="green">
         <name>SRAM</name>
         <page_id>0x0</page_id>
         <origin>0x20000000</origin>
         <length>0x40000</length>
         <used_space>0x843c</used_space>
         <unused_space>0x37bc4</unused_space>
         <attributes>RWX</attributes>
         <usage_details>
            <allocated_space>
               <start_address>0x20000000</start_address>
               <size>0x8000</size>
               <logical_group_ref idref="lg-c"/>
            </allocated_space>
            <allocated_space>
               <start_address>0x20008000</start_address>
               <size>0x400</size>
               <logical_group_ref idref="lg-d"/>
            </allocated_space>
            <allocated_space>
               <start_address>0x20008400</start_address>
               <size>0x20</size>
               <logical_group_ref idref="lg-b"/>
            </allocated_space>
            <allocated_space>
               <start_address>0x20008420</start_address>
               <size>0x1c</size>
               <logical_group_ref idref="lg-a"/>
            </allocated_space>
            <available_space>
               <start_address>0x2000843c</start_address>
               <size>0x37bc4</size>
            </available_space>
         </usage_details>
      </memory_area>
   </placement_map>
   <cptbl_list>
      <cptbl>
         <name>__TI_cinit_table</name>
         <cprec>
            <name>.data</name>
            <load_address>0x3d28</load_address>
            <load_size>0x10</load_size>
            <run_address>0x20008420</run_address>
            <run_size>0x1c</run_size>
            <compression>lzss</compression>
         </cprec>
         <cprec>
            <name>.bss</name>
            <load_address>0x3d48</load_address>
            <load_size>0x8</load_size>
            <run_address>0x20008400</run_address>
            <run_size>0x20</run_size>
            <compression>zero_init</compression>
         </cprec>
      </cptbl>
   </cptbl_list>
   <handler_table>
      <handler_table_name>__TI_handler_table</handler_table_name>
      <handler>
         <index>0x0</index>
         <name>__TI_decompress_lzss</name>
      </handler>
      <handler>
         <index>0x1</index>
         <name>__TI_decompress_none</name>
      </handler>
      <handler>
         <index>0x2</index>
         <name>__TI_zero_init</name>
      </handler>
   </handler_table>
   <symbol_table>
      <symbol id="sm-1">
         <name>__STACK_TOP</name>
         <value>0x20008200</value>
      </symbol>
      <symbol id="sm-2">
         <name>__TI_CINIT_Base</name>
         <value>0x3d50</value>
      </symbol>
      <symbol id="sm-3">
         <name>__TI_CINIT_Limit</name>
         <value>0x3d60</value>
      </symbol>
      <symbol id="sm-4">
         <name>__TI_Handler_Table_Base</name>
         <value>0x3d38</value>
      </symbol>
      <symbol id="sm-5">
         <name>__TI_Handler_Table_Limit</name>
         <value>0x3d44</value>
      </symbol>
      <symbol id="sm-6">
         <name>binit</name>
         <value>0xffffffff</value>
      </symbol>
      <symbol id="sm-7">
         <name>__binit__</name>
         <value>0xffffffff</value>
      </symbol>
      <symbol id="sm-8">
         <name>__STACK_SIZE</name>
         <value>0x400</value>
      </symbol>
      <symbol id="sm-9">
         <name>__STACK_END</name>
         <value>0x20008400</value>
      </symbol>
      <symbol id="sm-a">
         <name>__SYSMEM_SIZE</name>
         <value>0x8000</value>
      </symbol>
      <symbol id="sm-b">
         <name>__c_args__</name>
         <value>0xffffffff</value>
      </symbol>
      <symbol id="sm-c">
         <name>__TI_pprof_out_hndl</name>
         <value>0xffffffff</value>
      </symbol>
      <symbol id="sm-d">
         <name>__TI_prof_data_start</name>
         <value>0xffffffff</value>
      </symbol>
      <symbol id="sm-e">
         <name>__TI_prof_data_size</name>
         <value>0xffffffff</value>
      </symbol>
      <symbol id="sm-7f">
         <name>indcpa_kem_keypair</name>
         <value>0x2821</value>
         <object_component_ref idref="oc-108"/>
      </symbol>
      <symbol id="sm-80">
         <name>MatrixVectorMul</name>
         <value>0x2b29</value>
         <object_component_ref idref="oc-1c7"/>
      </symbol>
      <symbol id="sm-81">
         <name>GenMatrix</name>
         <value>0x3341</value>
         <object_component_ref idref="oc-1bb"/>
      </symbol>
      <symbol id="sm-9b">
         <name>cbd</name>
         <value>0x33b7</value>
         <object_component_ref idref="oc-280"/>
      </symbol>
      <symbol id="sm-f2">
         <name>shake128</name>
         <value>0x2e75</value>
         <object_component_ref idref="oc-1b5"/>
      </symbol>
      <symbol id="sm-f3">
         <name>KeccakF1600_StatePermute</name>
         <value>0x201</value>
         <object_component_ref idref="oc-2e2"/>
      </symbol>
      <symbol id="sm-129">
         <name>POLVEC2BS</name>
         <value>0x39b3</value>
         <object_component_ref idref="oc-1cd"/>
      </symbol>
      <symbol id="sm-12a">
         <name>BS2POL</name>
         <value>0x2dc9</value>
         <object_component_ref idref="oc-273"/>
      </symbol>
      <symbol id="sm-12b">
         <name>POLVECq2BS</name>
         <value>0x2c0f</value>
         <object_component_ref idref="oc-28f"/>
      </symbol>
      <symbol id="sm-12c">
         <name>POLVECp2BS</name>
         <value>0x30d9</value>
         <object_component_ref idref="oc-295"/>
      </symbol>
      <symbol id="sm-13a">
         <name>GenSecret</name>
         <value>0x3621</value>
         <object_component_ref idref="oc-1c1"/>
      </symbol>
      <symbol id="sm-16a">
         <name>karatsuba_simple</name>
         <value>0x1a91</value>
         <object_component_ref idref="oc-361"/>
      </symbol>
      <symbol id="sm-16b">
         <name>pol_mul</name>
         <value>0x34fd</value>
         <object_component_ref idref="oc-288"/>
      </symbol>
      <symbol id="sm-16c">
         <name>toom_cook_4way</name>
         <value>0x1669</value>
         <object_component_ref idref="oc-321"/>
      </symbol>
      <symbol id="sm-1a5">
         <name>g_ui32SysClock</name>
         <value>0x2000841c</value>
      </symbol>
      <symbol id="sm-1a6">
         <name>main</name>
         <value>0x26f1</value>
         <object_component_ref idref="oc-b5"/>
      </symbol>
      <symbol id="sm-1a7">
         <name>ConfigureUART</name>
         <value>0x35c5</value>
         <object_component_ref idref="oc-f6"/>
      </symbol>
      <symbol id="sm-1d8">
         <name>ResetISR</name>
         <value>0x39df</value>
         <object_component_ref idref="oc-28"/>
      </symbol>
      <symbol id="sm-1d9">
         <name>g_pfnVectors</name>
         <value>0x0</value>
         <object_component_ref idref="oc-10"/>
      </symbol>
      <symbol id="sm-208">
         <name>LEDWrite</name>
         <value>0x3055</value>
         <object_component_ref idref="oc-114"/>
      </symbol>
      <symbol id="sm-209">
         <name>PinoutSet</name>
         <value>0x1d1d</value>
         <object_component_ref idref="oc-f0"/>
      </symbol>
      <symbol id="sm-278">
         <name>UARTStdioConfig</name>
         <value>0x3565</value>
         <object_component_ref idref="oc-18e"/>
      </symbol>
      <symbol id="sm-279">
         <name>UARTwrite</name>
         <value>0x3675</value>
         <object_component_ref idref="oc-237"/>
      </symbol>
      <symbol id="sm-27a">
         <name>UARTprintf</name>
         <value>0x3951</value>
         <object_component_ref idref="oc-fc"/>
      </symbol>
      <symbol id="sm-27b">
         <name>UARTvprintf</name>
         <value>0x2129</value>
         <object_component_ref idref="oc-195"/>
      </symbol>
      <symbol id="sm-2a1">
         <name>GPIODirModeSet</name>
         <value>0x3835</value>
         <object_component_ref idref="oc-221"/>
      </symbol>
      <symbol id="sm-2a2">
         <name>GPIOPadConfigSet</name>
         <value>0x2319</value>
         <object_component_ref idref="oc-180"/>
      </symbol>
      <symbol id="sm-2a3">
         <name>GPIOPinTypeEthernetLED</name>
         <value>0x399d</value>
         <object_component_ref idref="oc-186"/>
      </symbol>
      <symbol id="sm-30a">
         <name>SysCtlDelay</name>
         <value>0x39e5</value>
         <object_component_ref idref="oc-11a"/>
      </symbol>
      <symbol id="sm-30b">
         <name>SysCtlClockFreqSet</name>
         <value>0x1f29</value>
         <object_component_ref idref="oc-ea"/>
      </symbol>
      <symbol id="sm-370">
         <name>__vla_dealloc</name>
         <value>0x32c9</value>
         <object_component_ref idref="oc-279"/>
      </symbol>
      <symbol id="sm-371">
         <name>__vla_alloc</name>
         <value>0x25bd</value>
         <object_component_ref idref="oc-26d"/>
      </symbol>
      <symbol id="sm-37e">
         <name>__aeabi_uldivmod</name>
         <value>0x2fbd</value>
         <object_component_ref idref="oc-255"/>
      </symbol>
      <symbol id="sm-38d">
         <name>__aeabi_memset</name>
         <value>0x31d7</value>
         <object_component_ref idref="oc-a9"/>
      </symbol>
      <symbol id="sm-38e">
         <name>memset</name>
         <value>0x31dd</value>
         <object_component_ref idref="oc-a9"/>
      </symbol>
      <symbol id="sm-38f">
         <name>__aeabi_memset8</name>
         <value>0x31d7</value>
         <object_component_ref idref="oc-a9"/>
      </symbol>
      <symbol id="sm-390">
         <name>__aeabi_memset4</name>
         <value>0x31d7</value>
         <object_component_ref idref="oc-a9"/>
      </symbol>
      <symbol id="sm-391">
         <name>__aeabi_memclr8</name>
         <value>0x31d5</value>
         <object_component_ref idref="oc-a9"/>
      </symbol>
      <symbol id="sm-392">
         <name>__aeabi_memclr4</name>
         <value>0x31d5</value>
         <object_component_ref idref="oc-a9"/>
      </symbol>
      <symbol id="sm-393">
         <name>__aeabi_memclr</name>
         <value>0x31d5</value>
         <object_component_ref idref="oc-a9"/>
      </symbol>
      <symbol id="sm-39c">
         <name>__aeabi_llsl</name>
         <value>0x38f9</value>
         <object_component_ref idref="oc-33d"/>
      </symbol>
      <symbol id="sm-3a5">
         <name>__aeabi_lmul</name>
         <value>0x3985</value>
         <object_component_ref idref="oc-266"/>
      </symbol>
      <symbol id="sm-3b4">
         <name>__aeabi_uidivmod</name>
         <value>0x3751</value>
         <object_component_ref idref="oc-23d"/>
      </symbol>
      <symbol id="sm-3b5">
         <name>__aeabi_uidiv</name>
         <value>0x3751</value>
         <object_component_ref idref="oc-23d"/>
      </symbol>
      <symbol id="sm-3c9">
         <name>__TI_zero_init_nomemset</name>
         <value>0x3917</value>
         <object_component_ref idref="oc-5a"/>
      </symbol>
      <symbol id="sm-3e0">
         <name>__TI_decompress_none</name>
         <value>0x39c9</value>
         <object_component_ref idref="oc-19"/>
      </symbol>
      <symbol id="sm-403">
         <name>__TI_decompress_lzss</name>
         <value>0x342b</value>
         <object_component_ref idref="oc-13"/>
      </symbol>
      <symbol id="sm-4a0">
         <name>_sys_memory</name>
         <value>0x20000000</value>
         <object_component_ref idref="oc-22"/>
      </symbol>
      <symbol id="sm-4a1">
         <name>free</name>
         <value>0x2a41</value>
         <object_component_ref idref="oc-10e"/>
      </symbol>
      <symbol id="sm-4a2">
         <name>realloc</name>
         <value>0x2cf1</value>
         <object_component_ref idref="oc-2ff"/>
      </symbol>
      <symbol id="sm-4a3">
         <name>memalign</name>
         <value>0x294d</value>
         <object_component_ref idref="oc-1a2"/>
      </symbol>
      <symbol id="sm-4a4">
         <name>malloc</name>
         <value>0x39d7</value>
         <object_component_ref idref="oc-102"/>
      </symbol>
      <symbol id="sm-4a5">
         <name>aligned_alloc</name>
         <value>0x294d</value>
         <object_component_ref idref="oc-1a2"/>
      </symbol>
      <symbol id="sm-4ca">
         <name>rand</name>
         <value>0x3801</value>
         <object_component_ref idref="oc-1af"/>
      </symbol>
      <symbol id="sm-4cb">
         <name>srand</name>
         <value>0x38b5</value>
         <object_component_ref idref="oc-1a9"/>
      </symbol>
      <symbol id="sm-4de">
         <name>__stack</name>
         <value>0x20008000</value>
         <object_component_ref idref="oc-25"/>
      </symbol>
      <symbol id="sm-4df">
         <name>_c_int00_noargs</name>
         <value>0x37cd</value>
         <object_component_ref idref="oc-6c"/>
      </symbol>
      <symbol id="sm-4e9">
         <name>__abort_execution</name>
         <value>0x39eb</value>
         <object_component_ref idref="oc-2f3"/>
      </symbol>
      <symbol id="sm-4f3">
         <name>__aeabi_idiv0</name>
         <value>0x3053</value>
         <object_component_ref idref="oc-2ce"/>
      </symbol>
      <symbol id="sm-4f4">
         <name>__aeabi_ldiv0</name>
         <value>0x3053</value>
         <object_component_ref idref="oc-2ce"/>
      </symbol>
      <symbol id="sm-50f">
         <name>memcpy</name>
         <value>0x2f21</value>
         <object_component_ref idref="oc-4e"/>
      </symbol>
      <symbol id="sm-510">
         <name>__aeabi_memcpy</name>
         <value>0x2f21</value>
         <object_component_ref idref="oc-4e"/>
      </symbol>
      <symbol id="sm-511">
         <name>__aeabi_memcpy8</name>
         <value>0x2f21</value>
         <object_component_ref idref="oc-4e"/>
      </symbol>
      <symbol id="sm-512">
         <name>__aeabi_memcpy4</name>
         <value>0x2f21</value>
         <object_component_ref idref="oc-4e"/>
      </symbol>
      <symbol id="sm-53a">
         <name>__TI_auto_init_nobinit_nopinit</name>
         <value>0x370d</value>
         <object_component_ref idref="oc-130"/>
      </symbol>
      <symbol id="sm-544">
         <name>_system_pre_init</name>
         <value>0x39ef</value>
         <object_component_ref idref="oc-af"/>
      </symbol>
      <symbol id="sm-550">
         <name>C$$EXIT</name>
         <value>0x39f3</value>
         <object_component_ref idref="oc-124"/>
      </symbol>
      <symbol id="sm-551">
         <name>abort</name>
         <value>0x39f3</value>
         <object_component_ref idref="oc-124"/>
      </symbol>
      <symbol id="sm-566">
         <name>_nop</name>
         <value>0x2cef</value>
         <object_component_ref idref="oc-29f"/>
      </symbol>
      <symbol id="sm-567">
         <name>_lock</name>
         <value>0x20008420</value>
         <object_component_ref idref="oc-1e0"/>
      </symbol>
      <symbol id="sm-568">
         <name>_unlock</name>
         <value>0x20008424</value>
         <object_component_ref idref="oc-1e0"/>
      </symbol>
      <symbol id="sm-56a">
         <name>__TI_static_base__</name>
         <value>0x0</value>
      </symbol>
      <symbol id="sm-56d">
         <name>__mpu_init</name>
         <value>0x0</value>
      </symbol>
      <symbol id="sm-56e">
         <name>_system_post_cinit</name>
         <value>0x0</value>
      </symbol>
   </symbol_table>
   <title>Link successful</title>
</link_info>
